<head>
<meta name="viewport" content="width=device-width, initial-scale=1.0"/>
<style>
.left
{
    position: static;
    padding: 0px;
    margin: 0px;
}

.right
{
    height: 97vh;
    position: static;
    overflow-y: auto;
    overflow-x: auto;
    margin: 0px;
    padding: 0px;
}
.viewer
{
    height: 97vh;
    width:70vw;
    margin: 0px;
    padding: 0px;
}
.output
{
    margin: 0px;
    padding: 0px;
}
</style>
<script>
var selected;
function trace(selection, ts_us, ts_label, url, parameters) {
viewer = document.getElementById('perfetto');
b = document.getElementById(selection);
if (selected) {
    selected.style='';
}
b.style='background-color:red';
selected = b;

const commands = [
{
 'id': 'dev.perfetto.ExpandTracksByRegex',
 'args': ['.*']
},
{
    'id': 'dev.perfetto.AddNote',
    'args': ['1771711046726177', `+ '[' -v INIT ']'`, '#dddddd']
},
{
    'id': 'dev.perfetto.AddNote',
    'args': ['1771711046726213', `++ pwd`, '#dddddd']
},
{
    'id': 'dev.perfetto.AddNote',
    'args': ['1771711046726220', `+ /home/user/.work//qemu/build/qemu-system-aarch64 -plugin /home/user/.work/qemu/build/..//build/contrib/plugins/libuftrace.so,trace-privilege-level=on -nodefaults -display none -serial mon:stdio -netdev user,id=vnet -device virtio-net-pci,netdev=vnet -M virt,secure=on,virtualization=on,gic-version=3,iommu=smmuv3 -cpu max -smp 1 -m 8G -bios ./out/flash.bin -kernel ./out/Image.gz -drive format=raw,file=./out/host.ext4,if=virtio -append 'nokaslr root=/dev/vda rw init=/init -- uname -a' -virtfs local,path=/home/user/.work/qemu-linux-stack/,mount_tag=host,security_model=mapped,readonly=off`, '#dddddd']
},
{
    'id': 'dev.perfetto.AddNote',
    'args': ['1771711046917381', `NOTICE: Booting Trusted Firmware`, '#dddddd']
},
{
    'id': 'dev.perfetto.AddNote',
    'args': ['1771711046917930', `NOTICE: BL1: v2.13.0(debug):v2.13.0-2-g2a18af5`, '#dddddd']
},
{
    'id': 'dev.perfetto.AddNote',
    'args': ['1771711046917984', `NOTICE: BL1: Built : 17:54:29, Feb 19 2026`, '#dddddd']
},
{
    'id': 'dev.perfetto.AddNote',
    'args': ['1771711046918853', `INFO: BL1: RAM 0xe0ee000 - 0xe0f6000`, '#dddddd']
},
{
    'id': 'dev.perfetto.AddNote',
    'args': ['1771711046920463', `INFO: BL1: Loading BL2`, '#dddddd']
},
{
    'id': 'dev.perfetto.AddNote',
    'args': ['1771711046924403', `INFO: Loading image id=1 at address 0xe05b000`, '#dddddd']
},
{
    'id': 'dev.perfetto.AddNote',
    'args': ['1771711046929770', `INFO: Image id=1 loaded: 0xe05b000 - 0xe063201`, '#dddddd']
},
{
    'id': 'dev.perfetto.AddNote',
    'args': ['1771711046930839', `NOTICE: BL1: Booting BL2`, '#dddddd']
},
{
    'id': 'dev.perfetto.AddNote',
    'args': ['1771711046932692', `INFO: Entry point address = 0xe05b000`, '#dddddd']
},
{
    'id': 'dev.perfetto.AddNote',
    'args': ['1771711046932913', `INFO: SPSR = 0x3c5`, '#dddddd']
},
{
    'id': 'dev.perfetto.AddNote',
    'args': ['1771711046943768', `NOTICE: BL2: v2.13.0(debug):v2.13.0-2-g2a18af5`, '#dddddd']
},
{
    'id': 'dev.perfetto.AddNote',
    'args': ['1771711046944066', `NOTICE: BL2: Built : 17:54:30, Feb 19 2026`, '#dddddd']
},
{
    'id': 'dev.perfetto.AddNote',
    'args': ['1771711046945672', `INFO: BL2: Doing platform setup`, '#dddddd']
},
{
    'id': 'dev.perfetto.AddNote',
    'args': ['1771711047274590', `INFO: BL2: Loading image id 3`, '#dddddd']
},
{
    'id': 'dev.perfetto.AddNote',
    'args': ['1771711047278032', `INFO: Loading image id=3 at address 0xe090000`, '#dddddd']
},
{
    'id': 'dev.perfetto.AddNote',
    'args': ['1771711047293411', `INFO: Image id=3 loaded: 0xe090000 - 0xe0a00c4`, '#dddddd']
},
{
    'id': 'dev.perfetto.AddNote',
    'args': ['1771711047294642', `INFO: BL2: Loading image id 5`, '#dddddd']
},
{
    'id': 'dev.perfetto.AddNote',
    'args': ['1771711047295091', `INFO: Loading image id=5 at address 0x60000000`, '#dddddd']
},
{
    'id': 'dev.perfetto.AddNote',
    'args': ['1771711047566755', `INFO: Image id=5 loaded: 0x60000000 - 0x60142d50`, '#dddddd']
},
{
    'id': 'dev.perfetto.AddNote',
    'args': ['1771711047571567', `NOTICE: BL1: Booting BL31`, '#dddddd']
},
{
    'id': 'dev.perfetto.AddNote',
    'args': ['1771711047572432', `INFO: Entry point address = 0xe090000`, '#dddddd']
},
{
    'id': 'dev.perfetto.AddNote',
    'args': ['1771711047572630', `INFO: SPSR = 0x3cd`, '#dddddd']
},
{
    'id': 'dev.perfetto.AddNote',
    'args': ['1771711047582574', `NOTICE: BL31: v2.13.0(debug):v2.13.0-2-g2a18af5`, '#dddddd']
},
{
    'id': 'dev.perfetto.AddNote',
    'args': ['1771711047582819', `NOTICE: BL31: Built : 17:54:31, Feb 19 2026`, '#dddddd']
},
{
    'id': 'dev.perfetto.AddNote',
    'args': ['1771711047584247', `INFO: GICv3 without legacy support detected.`, '#dddddd']
},
{
    'id': 'dev.perfetto.AddNote',
    'args': ['1771711047584442', `INFO: ARM GICv3 driver initialized in EL3`, '#dddddd']
},
{
    'id': 'dev.perfetto.AddNote',
    'args': ['1771711047585116', `INFO: Maximum SPI INTID supported: 287`, '#dddddd']
},
{
    'id': 'dev.perfetto.AddNote',
    'args': ['1771711047588327', `INFO: BL31: Initializing runtime services`, '#dddddd']
},
{
    'id': 'dev.perfetto.AddNote',
    'args': ['1771711047592407', `INFO: BL31: Preparing for EL3 exit to normal world`, '#dddddd']
},
{
    'id': 'dev.perfetto.AddNote',
    'args': ['1771711047592756', `INFO: Entry point address = 0x60000000`, '#dddddd']
},
{
    'id': 'dev.perfetto.AddNote',
    'args': ['1771711047593028', `INFO: SPSR = 0x3c9`, '#dddddd']
},
{
    'id': 'dev.perfetto.AddNote',
    'args': ['1771711047603202', `Bloblist at 0 not found (err=-2)`, '#dddddd']
},
{
    'id': 'dev.perfetto.AddNote',
    'args': ['1771711047603762', `alloc space exhausted ptr 400 limit 0`, '#dddddd']
},
{
    'id': 'dev.perfetto.AddNote',
    'args': ['1771711047606455', `Bloblist at 0 not found (err=-2)`, '#dddddd']
},
{
    'id': 'dev.perfetto.AddNote',
    'args': ['1771711047807021', ``, '#dddddd']
},
{
    'id': 'dev.perfetto.AddNote',
    'args': ['1771711047807056', ``, '#dddddd']
},
{
    'id': 'dev.perfetto.AddNote',
    'args': ['1771711047807109', `U-Boot 2025.04 (Feb 21 2026 - 21:42:33 +0000)`, '#dddddd']
},
{
    'id': 'dev.perfetto.AddNote',
    'args': ['1771711047807118', ``, '#dddddd']
},
{
    'id': 'dev.perfetto.AddNote',
    'args': ['1771711047817298', `DRAM: 8 GiB`, '#dddddd']
},
{
    'id': 'dev.perfetto.AddNote',
    'args': ['1771711048676574', `Core: 51 devices, 14 uclasses, devicetree: board`, '#dddddd']
},
{
    'id': 'dev.perfetto.AddNote',
    'args': ['1771711048774386', `Flash: 32 MiB`, '#dddddd']
},
{
    'id': 'dev.perfetto.AddNote',
    'args': ['1771711048822725', `Loading Environment from Flash... build.sh docs exec.log files.sh index.sh README.md traces.sh Warning - bad CRC, using default environment`, '#dddddd']
},
{
    'id': 'dev.perfetto.AddNote',
    'args': ['1771711048822762', ``, '#dddddd']
},
{
    'id': 'dev.perfetto.AddNote',
    'args': ['1771711048964025', `In: serial,usbkbd`, '#dddddd']
},
{
    'id': 'dev.perfetto.AddNote',
    'args': ['1771711048964204', `Out: serial,vidconsole`, '#dddddd']
},
{
    'id': 'dev.perfetto.AddNote',
    'args': ['1771711048964397', `Err: serial,vidconsole`, '#dddddd']
},
{
    'id': 'dev.perfetto.AddNote',
    'args': ['1771711049267435', `No USB controllers found`, '#dddddd']
},
{
    'id': 'dev.perfetto.AddNote',
    'args': ['1771711049281074', `Net: eth0: virtio-net#32`, '#dddddd']
},
{
    'id': 'dev.perfetto.AddNote',
    'args': ['1771711049291334', `[?25h`, '#dddddd']
},
{
    'id': 'dev.perfetto.AddNote',
    'args': ['1771711049297844', `starting USB...`, '#dddddd']
},
{
    'id': 'dev.perfetto.AddNote',
    'args': ['1771711049298029', `No USB controllers found`, '#dddddd']
},
{
    'id': 'dev.perfetto.AddNote',
    'args': ['1771711050345238', `Hit any key to stop autoboot: 1  0 `, '#dddddd']
},
{
    'id': 'dev.perfetto.AddNote',
    'args': ['1771711050346848', `Scanning for bootflows in all bootdevs`, '#dddddd']
},
{
    'id': 'dev.perfetto.AddNote',
    'args': ['1771711050347239', `Seq Method State Uclass Part Name Filename`, '#dddddd']
},
{
    'id': 'dev.perfetto.AddNote',
    'args': ['1771711050347655', `--- ----------- ------ -------- ---- ------------------------ ----------------`, '#dddddd']
},
{
    'id': 'dev.perfetto.AddNote',
    'args': ['1771711050350604', `Scanning global bootmeth 'efi_mgr':`, '#dddddd']
},
{
    'id': 'dev.perfetto.AddNote',
    'args': ['1771711050480841', `7[r[999;999H[6n8Cannot persist EFI variables without system partition`, '#dddddd']
},
{
    'id': 'dev.perfetto.AddNote',
    'args': ['1771711050492513', `Missing TPMv2 device for EFI_TCG_PROTOCOL`, '#dddddd']
},
{
    'id': 'dev.perfetto.AddNote',
    'args': ['1771711050493385', `Missing RNG device for EFI_RNG_PROTOCOL`, '#dddddd']
},
{
    'id': 'dev.perfetto.AddNote',
    'args': ['1771711050501408', `0 efi_mgr ready (none) 0 <NULL> `, '#dddddd']
},
{
    'id': 'dev.perfetto.AddNote',
    'args': ['1771711050501822', `build.sh docs exec.log files.sh index.sh README.md traces.sh Booting bootflow '<NULL>' with efi_mgr`, '#dddddd']
},
{
    'id': 'dev.perfetto.AddNote',
    'args': ['1771711050520221', `Loading Boot0000 'virtio 0' failed`, '#dddddd']
},
{
    'id': 'dev.perfetto.AddNote',
    'args': ['1771711050520693', `EFI boot manager: Cannot load any image`, '#dddddd']
},
{
    'id': 'dev.perfetto.AddNote',
    'args': ['1771711050521119', `Boot failed (err=-14)`, '#dddddd']
},
{
    'id': 'dev.perfetto.AddNote',
    'args': ['1771711050529752', `Scanning bootdev 'fw-cfg@9020000.bootdev':`, '#dddddd']
},
{
    'id': 'dev.perfetto.AddNote',
    'args': ['1771711050544892', `warning: no initrd available`, '#dddddd']
},
{
    'id': 'dev.perfetto.AddNote',
    'args': ['1771711050548413', `loading kernel to address 40400000 size 26c3a00`, '#dddddd']
},
{
    'id': 'dev.perfetto.AddNote',
    'args': ['1771711050549082', `1 qfw ready qfw 0 qfw `, '#dddddd']
},
{
    'id': 'dev.perfetto.AddNote',
    'args': ['1771711050549293', `build.sh docs exec.log files.sh index.sh README.md traces.sh Booting bootflow 'qfw' with qfw`, '#dddddd']
},
{
    'id': 'dev.perfetto.AddNote',
    'args': ['1771711050569427', `## Flattened Device Tree blob at 23e64cb90`, '#dddddd']
},
{
    'id': 'dev.perfetto.AddNote',
    'args': ['1771711050570290', `Booting using the fdt blob at 0x23e64cb90`, '#dddddd']
},
{
    'id': 'dev.perfetto.AddNote',
    'args': ['1771711050570951', `Working FDT set to 23e64cb90`, '#dddddd']
},
{
    'id': 'dev.perfetto.AddNote',
    'args': ['1771711051137270', `Loading Ramdisk to fd93c000, end fffffa00 ... OK`, '#dddddd']
},
{
    'id': 'dev.perfetto.AddNote',
    'args': ['1771711051153134', `Loading Device Tree to 00000000fd936000, end 00000000fd93b249 ... OK`, '#dddddd']
},
{
    'id': 'dev.perfetto.AddNote',
    'args': ['1771711051153337', `Working FDT set to fd936000`, '#dddddd']
},
{
    'id': 'dev.perfetto.AddNote',
    'args': ['1771711051221019', ``, '#dddddd']
},
{
    'id': 'dev.perfetto.AddNote',
    'args': ['1771711051221037', `Starting kernel ...`, '#dddddd']
},
{
    'id': 'dev.perfetto.AddNote',
    'args': ['1771711051221042', ``, '#dddddd']
},
{
    'id': 'dev.perfetto.AddNote',
    'args': ['1771711056796536', `[ 0.000000] Booting Linux on physical CPU 0x0000000000 [0x000f0510]`, '#dddddd']
},
{
    'id': 'dev.perfetto.AddNote',
    'args': ['1771711056799378', `[ 0.000000] Linux version 6.17.0-00001-g2770d5f106b0 (root@pc) (aarch64-linux-gnu-gcc (Debian 14.2.0-19) 14.2.0, GNU ld (GNU Binutils for Debian) 2.44) #1 SMP PREEMPT Thu Feb 19 17:53:54 UTC 2026`, '#dddddd']
},
{
    'id': 'dev.perfetto.AddNote',
    'args': ['1771711056799944', `[ 0.000000] KASLR disabled on command line`, '#dddddd']
},
{
    'id': 'dev.perfetto.AddNote',
    'args': ['1771711056800419', `[ 0.000000] random: crng init done`, '#dddddd']
},
{
    'id': 'dev.perfetto.AddNote',
    'args': ['1771711056801003', `[ 0.000000] Machine model: linux,dummy-virt`, '#dddddd']
},
{
    'id': 'dev.perfetto.AddNote',
    'args': ['1771711056811953', `[ 0.000000] efi: UEFI not found.`, '#dddddd']
},
{
    'id': 'dev.perfetto.AddNote',
    'args': ['1771711056812860', `[ 0.000000] OF: reserved mem: Reserved memory: No reserved-memory node in the DT`, '#dddddd']
},
{
    'id': 'dev.perfetto.AddNote',
    'args': ['1771711056813752', `[ 0.000000] NUMA: Faking a node at [mem 0x0000000040000000-0x000000023fffffff]`, '#dddddd']
},
{
    'id': 'dev.perfetto.AddNote',
    'args': ['1771711056814514', `[ 0.000000] NODE_DATA(0) allocated [mem 0x23eff3dc0-0x23eff63ff]`, '#dddddd']
},
{
    'id': 'dev.perfetto.AddNote',
    'args': ['1771711056814888', `[ 0.000000] Zone ranges:`, '#dddddd']
},
{
    'id': 'dev.perfetto.AddNote',
    'args': ['1771711056815681', `[ 0.000000] DMA [mem 0x0000000040000000-0x00000000ffffffff]`, '#dddddd']
},
{
    'id': 'dev.perfetto.AddNote',
    'args': ['1771711056816097', `[ 0.000000] DMA32 empty`, '#dddddd']
},
{
    'id': 'dev.perfetto.AddNote',
    'args': ['1771711056816905', `[ 0.000000] Normal [mem 0x0000000100000000-0x000000023fffffff]`, '#dddddd']
},
{
    'id': 'dev.perfetto.AddNote',
    'args': ['1771711056817491', `[ 0.000000] Movable zone start for each node`, '#dddddd']
},
{
    'id': 'dev.perfetto.AddNote',
    'args': ['1771711056817989', `[ 0.000000] Early memory node ranges`, '#dddddd']
},
{
    'id': 'dev.perfetto.AddNote',
    'args': ['1771711056818808', `[ 0.000000] node 0: [mem 0x0000000040000000-0x000000023fffffff]`, '#dddddd']
},
{
    'id': 'dev.perfetto.AddNote',
    'args': ['1771711056819723', `[ 0.000000] Initmem setup node 0 [mem 0x0000000040000000-0x000000023fffffff]`, '#dddddd']
},
{
    'id': 'dev.perfetto.AddNote',
    'args': ['1771711056820420', `[ 0.000000] cma: Reserved 32 MiB at 0x00000000fb800000`, '#dddddd']
},
{
    'id': 'dev.perfetto.AddNote',
    'args': ['1771711056821100', `[ 0.000000] psci: probing for conduit method from DT.`, '#dddddd']
},
{
    'id': 'dev.perfetto.AddNote',
    'args': ['1771711056821739', `[ 0.000000] psci: PSCIv1.1 detected in firmware.`, '#dddddd']
},
{
    'id': 'dev.perfetto.AddNote',
    'args': ['1771711056822642', `[ 0.000000] psci: Using standard PSCI v0.2 function IDs`, '#dddddd']
},
{
    'id': 'dev.perfetto.AddNote',
    'args': ['1771711056823296', `[ 0.000000] psci: MIGRATE_INFO_TYPE not supported.`, '#dddddd']
},
{
    'id': 'dev.perfetto.AddNote',
    'args': ['1771711056823900', `[ 0.000000] psci: SMC Calling Convention v1.5`, '#dddddd']
},
{
    'id': 'dev.perfetto.AddNote',
    'args': ['1771711056824742', `[ 0.000000] percpu: Embedded 24 pages/cpu s60824 r8192 d29288 u98304`, '#dddddd']
},
{
    'id': 'dev.perfetto.AddNote',
    'args': ['1771711056825469', `[ 0.000000] Detected PIPT I-cache on CPU0`, '#dddddd']
},
{
    'id': 'dev.perfetto.AddNote',
    'args': ['1771711056826413', `[ 0.000000] CPU features: detected: Address authentication (IMP DEF algorithm)`, '#dddddd']
},
{
    'id': 'dev.perfetto.AddNote',
    'args': ['1771711056827116', `[ 0.000000] CPU features: detected: GICv3 CPU interface`, '#dddddd']
},
{
    'id': 'dev.perfetto.AddNote',
    'args': ['1771711056827806', `[ 0.000000] CPU features: detected: HCRX_EL2 register`, '#dddddd']
},
{
    'id': 'dev.perfetto.AddNote',
    'args': ['1771711056828812', `[ 0.000000] CPU features: detected: Stage-1 Permission Indirection Extension (S1PIE)`, '#dddddd']
},
{
    'id': 'dev.perfetto.AddNote',
    'args': ['1771711056829650', `[ 0.000000] CPU features: detected: 52-bit Virtual Addressing (LPA2)`, '#dddddd']
},
{
    'id': 'dev.perfetto.AddNote',
    'args': ['1771711056830466', `[ 0.000000] CPU features: detected: Virtualization Host Extensions`, '#dddddd']
},
{
    'id': 'dev.perfetto.AddNote',
    'args': ['1771711056831083', `[ 0.000000] CPU features: detected: Spectre-v4`, '#dddddd']
},
{
    'id': 'dev.perfetto.AddNote',
    'args': ['1771711056831755', `[ 0.000000] alternatives: applying boot alternatives`, '#dddddd']
},
{
    'id': 'dev.perfetto.AddNote',
    'args': ['1771711056832733', `[ 0.000000] Kernel command line: nokaslr root=/dev/vda rw init=/init -- uname -a`, '#dddddd']
},
{
    'id': 'dev.perfetto.AddNote',
    'args': ['1771711056833881', `[ 0.000000] printk: log buffer data + meta data: 131072 + 458752 = 589824 bytes`, '#dddddd']
},
{
    'id': 'dev.perfetto.AddNote',
    'args': ['1771711056834921', `[ 0.000000] Dentry cache hash table entries: 1048576 (order: 11, 8388608 bytes, linear)`, '#dddddd']
},
{
    'id': 'dev.perfetto.AddNote',
    'args': ['1771711056835944', `[ 0.000000] Inode-cache hash table entries: 524288 (order: 10, 4194304 bytes, linear)`, '#dddddd']
},
{
    'id': 'dev.perfetto.AddNote',
    'args': ['1771711056836485', `[ 0.000000] software IO TLB: area num 1.`, '#dddddd']
},
{
    'id': 'dev.perfetto.AddNote',
    'args': ['1771711056837498', `[ 0.000000] software IO TLB: mapped [mem 0x00000000f7800000-0x00000000fb800000] (64MB)`, '#dddddd']
},
{
    'id': 'dev.perfetto.AddNote',
    'args': ['1771711056838051', `[ 0.000000] Fallback order for Node 0: 0 `, '#dddddd']
},
{
    'id': 'dev.perfetto.AddNote',
    'args': ['1771711056838949', `[ 0.000000] Built 1 zonelists, mobility grouping on. Total pages: 2097152`, '#dddddd']
},
{
    'id': 'dev.perfetto.AddNote',
    'args': ['1771711056839402', `[ 0.000000] Policy zone: Normal`, '#dddddd']
},
{
    'id': 'dev.perfetto.AddNote',
    'args': ['1771711056840300', `[ 0.000000] mem auto-init: stack:all(zero), heap alloc:off, heap free:off`, '#dddddd']
},
{
    'id': 'dev.perfetto.AddNote',
    'args': ['1771711056841156', `[ 0.000000] SLUB: HWalign=64, Order=0-3, MinObjects=0, CPUs=1, Nodes=1`, '#dddddd']
},
{
    'id': 'dev.perfetto.AddNote',
    'args': ['1771711056841920', `[ 0.000000] rcu: Preemptible hierarchical RCU implementation.`, '#dddddd']
},
{
    'id': 'dev.perfetto.AddNote',
    'args': ['1771711056842542', `[ 0.000000] rcu: RCU event tracing is enabled.`, '#dddddd']
},
{
    'id': 'dev.perfetto.AddNote',
    'args': ['1771711056843430', `[ 0.000000] rcu: RCU restricting CPUs from NR_CPUS=512 to nr_cpu_ids=1.`, '#dddddd']
},
{
    'id': 'dev.perfetto.AddNote',
    'args': ['1771711056844301', `[ 0.000000] Trampoline variant of Tasks RCU enabled.`, '#dddddd']
},
{
    'id': 'dev.perfetto.AddNote',
    'args': ['1771711056844954', `[ 0.000000] Tracing variant of Tasks RCU enabled.`, '#dddddd']
},
{
    'id': 'dev.perfetto.AddNote',
    'args': ['1771711056845944', `[ 0.000000] rcu: RCU calculated value of scheduler-enlistment delay is 10 jiffies.`, '#dddddd']
},
{
    'id': 'dev.perfetto.AddNote',
    'args': ['1771711056846837', `[ 0.000000] rcu: Adjusting geometry for rcu_fanout_leaf=16, nr_cpu_ids=1`, '#dddddd']
},
{
    'id': 'dev.perfetto.AddNote',
    'args': ['1771711056847957', `[ 0.000000] RCU Tasks: Setting shift to 0 and lim to 1 rcu_task_cb_adjust=1 rcu_task_cpu_ids=1.`, '#dddddd']
},
{
    'id': 'dev.perfetto.AddNote',
    'args': ['1771711056849128', `[ 0.000000] RCU Tasks Trace: Setting shift to 0 and lim to 1 rcu_task_cb_adjust=1 rcu_task_cpu_ids=1.`, '#dddddd']
},
{
    'id': 'dev.perfetto.AddNote',
    'args': ['1771711056849871', `[ 0.000000] NR_IRQS: 64, nr_irqs: 64, preallocated irqs: 0`, '#dddddd']
},
{
    'id': 'dev.perfetto.AddNote',
    'args': ['1771711056850563', `[ 0.000000] GICv3: GIC: Using split EOI/Deactivate mode`, '#dddddd']
},
{
    'id': 'dev.perfetto.AddNote',
    'args': ['1771711056851094', `[ 0.000000] GICv3: 256 SPIs implemented`, '#dddddd']
},
{
    'id': 'dev.perfetto.AddNote',
    'args': ['1771711056851699', `[ 0.000000] GICv3: 0 Extended SPIs implemented`, '#dddddd']
},
{
    'id': 'dev.perfetto.AddNote',
    'args': ['1771711056852299', `[ 0.000000] Root IRQ handler: gic_handle_irq`, '#dddddd']
},
{
    'id': 'dev.perfetto.AddNote',
    'args': ['1771711056852867', `[ 0.000000] GICv3: GICv3 features: 16 PPIs`, '#dddddd']
},
{
    'id': 'dev.perfetto.AddNote',
    'args': ['1771711056853480', `[ 0.000000] GICv3: GICD_CTLR.DS=0, SCR_EL3.FIQ=0`, '#dddddd']
},
{
    'id': 'dev.perfetto.AddNote',
    'args': ['1771711056854365', `[ 0.000000] GICv3: CPU0: found redistributor 0 region 0:0x00000000080a0000`, '#dddddd']
},
{
    'id': 'dev.perfetto.AddNote',
    'args': ['1771711056855121', `[ 0.000000] ITS [mem 0x08080000-0x0809ffff]`, '#dddddd']
},
{
    'id': 'dev.perfetto.AddNote',
    'args': ['1771711056856327', `[ 0.000000] ITS@0x0000000008080000: allocated 8192 Devices @100040000 (indirect, esz 8, psz 64K, shr 1)`, '#dddddd']
},
{
    'id': 'dev.perfetto.AddNote',
    'args': ['1771711056857602', `[ 0.000000] ITS@0x0000000008080000: allocated 8192 Interrupt Collections @100050000 (flat, esz 8, psz 64K, shr 1)`, '#dddddd']
},
{
    'id': 'dev.perfetto.AddNote',
    'args': ['1771711056858386', `[ 0.000000] GICv3: using LPI property table @0x0000000100060000`, '#dddddd']
},
{
    'id': 'dev.perfetto.AddNote',
    'args': ['1771711056859334', `[ 0.000000] GICv3: CPU0: using allocated LPI pending table @0x0000000100070000`, '#dddddd']
},
{
    'id': 'dev.perfetto.AddNote',
    'args': ['1771711056860233', `[ 0.000000] rcu: srcu_init: Setting srcu_struct sizes based on contention.`, '#dddddd']
},
{
    'id': 'dev.perfetto.AddNote',
    'args': ['1771711056861044', `[ 0.000000] arch_timer: cp15 timer(s) running at 1000.00MHz (phys).`, '#dddddd']
},
{
    'id': 'dev.perfetto.AddNote',
    'args': ['1771711056862421', `[ 0.000000] clocksource: arch_sys_counter: mask: 0x1fffffffffffffff max_cycles: 0x1cd42e4dffb, max_idle_ns: 881590591483 ns`, '#dddddd']
},
{
    'id': 'dev.perfetto.AddNote',
    'args': ['1771711056863469', `[ 0.000284] sched_clock: 61 bits at 1000MHz, resolution 1ns, wraps every 4398046511103ns`, '#dddddd']
},
{
    'id': 'dev.perfetto.AddNote',
    'args': ['1771711056864082', `[ 0.076753] Console: colour dummy device 80x25`, '#dddddd']
},
{
    'id': 'dev.perfetto.AddNote',
    'args': ['1771711056864719', `[ 0.085825] printk: legacy console [tty0] enabled`, '#dddddd']
},
{
    'id': 'dev.perfetto.AddNote',
    'args': ['1771711056866237', `[ 0.130649] Calibrating delay loop (skipped), value calculated using timer frequency.. 2000.00 BogoMIPS (lpj=10000000)`, '#dddddd']
},
{
    'id': 'dev.perfetto.AddNote',
    'args': ['1771711056866876', `[ 0.133636] pid_max: default: 32768 minimum: 301`, '#dddddd']
},
{
    'id': 'dev.perfetto.AddNote',
    'args': ['1771711056867461', `[ 0.148083] LSM: initializing lsm=capability`, '#dddddd']
},
{
    'id': 'dev.perfetto.AddNote',
    'args': ['1771711056868438', `[ 0.163237] Mount-cache hash table entries: 16384 (order: 5, 131072 bytes, linear)`, '#dddddd']
},
{
    'id': 'dev.perfetto.AddNote',
    'args': ['1771711056869454', `[ 0.164348] Mountpoint-cache hash table entries: 16384 (order: 5, 131072 bytes, linear)`, '#dddddd']
},
{
    'id': 'dev.perfetto.AddNote',
    'args': ['1771711056870263', `[ 0.335442] cacheinfo: Unable to detect cache hierarchy for CPU 0`, '#dddddd']
},
{
    'id': 'dev.perfetto.AddNote',
    'args': ['1771711056870921', `[ 0.393739] rcu: Hierarchical SRCU implementation.`, '#dddddd']
},
{
    'id': 'dev.perfetto.AddNote',
    'args': ['1771711056871635', `[ 0.394239] rcu: Max phase no-delay instances is 1000.`, '#dddddd']
},
{
    'id': 'dev.perfetto.AddNote',
    'args': ['1771711056872299', `[ 0.431018] fsl-mc MSI: its@8080000 domain created`, '#dddddd']
},
{
    'id': 'dev.perfetto.AddNote',
    'args': ['1771711056872933', `[ 0.462476] EFI services will not be available.`, '#dddddd']
},
{
    'id': 'dev.perfetto.AddNote',
    'args': ['1771711056873546', `[ 0.467443] smp: Bringing up secondary CPUs ...`, '#dddddd']
},
{
    'id': 'dev.perfetto.AddNote',
    'args': ['1771711056874093', `[ 0.470959] smp: Brought up 1 node, 1 CPU`, '#dddddd']
},
{
    'id': 'dev.perfetto.AddNote',
    'args': ['1771711056874733', `[ 0.471425] SMP: Total of 1 processors activated.`, '#dddddd']
},
{
    'id': 'dev.perfetto.AddNote',
    'args': ['1771711056875315', `[ 0.471887] CPU: All CPU(s) started at EL2`, '#dddddd']
},
{
    'id': 'dev.perfetto.AddNote',
    'args': ['1771711056876294', `[ 0.473177] CPU features: detected: Branch Target Identification`, '#dddddd']
},
{
    'id': 'dev.perfetto.AddNote',
    'args': ['1771711056876992', `[ 0.473735] CPU features: detected: 32-bit EL0 Support`, '#dddddd']
},
{
    'id': 'dev.perfetto.AddNote',
    'args': ['1771711056877693', `[ 0.474150] CPU features: detected: 32-bit EL1 Support`, '#dddddd']
},
{
    'id': 'dev.perfetto.AddNote',
    'args': ['1771711056878520', `[ 0.474563] CPU features: detected: ARMv8.4 Translation Table Level`, '#dddddd']
},
{
    'id': 'dev.perfetto.AddNote',
    'args': ['1771711056879646', `[ 0.475878] CPU features: detected: Instruction cache invalidation not required for I/D coherence`, '#dddddd']
},
{
    'id': 'dev.perfetto.AddNote',
    'args': ['1771711056880758', `[ 0.476538] CPU features: detected: Data cache clean to the PoU not required for I/D coherence`, '#dddddd']
},
{
    'id': 'dev.perfetto.AddNote',
    'args': ['1771711056881585', `[ 0.477301] CPU features: detected: Common not Private translations`, '#dddddd']
},
{
    'id': 'dev.perfetto.AddNote',
    'args': ['1771711056882280', `[ 0.477768] CPU features: detected: CRC32 instructions`, '#dddddd']
},
{
    'id': 'dev.perfetto.AddNote',
    'args': ['1771711056883170', `[ 0.478179] CPU features: detected: Data independent timing control (DIT)`, '#dddddd']
},
{
    'id': 'dev.perfetto.AddNote',
    'args': ['1771711056883727', `[ 0.478653] CPU features: detected: E0PD`, '#dddddd']
},
{
    'id': 'dev.perfetto.AddNote',
    'args': ['1771711056884561', `[ 0.479018] CPU features: detected: Enhanced Counter Virtualization`, '#dddddd']
},
{
    'id': 'dev.perfetto.AddNote',
    'args': ['1771711056885517', `[ 0.479476] CPU features: detected: Enhanced Counter Virtualization (CNTPOFF)`, '#dddddd']
},
{
    'id': 'dev.perfetto.AddNote',
    'args': ['1771711056886971', `[ 0.479973] CPU features: detected: Enhanced Privileged Access Never`, '#dddddd']
},
{
    'id': 'dev.perfetto.AddNote',
    'args': ['1771711056887789', `[ 0.480432] CPU features: detected: Enhanced Virtualization Traps`, '#dddddd']
},
{
    'id': 'dev.perfetto.AddNote',
    'args': ['1771711056888469', `[ 0.480906] CPU features: detected: Fine Grained Traps`, '#dddddd']
},
{
    'id': 'dev.perfetto.AddNote',
    'args': ['1771711056889241', `[ 0.481427] CPU features: detected: Guarded Control Stack (GCS)`, '#dddddd']
},
{
    'id': 'dev.perfetto.AddNote',
    'args': ['1771711056890170', `[ 0.482141] CPU features: detected: Generic authentication (IMP DEF algorithm)`, '#dddddd']
},
{
    'id': 'dev.perfetto.AddNote',
    'args': ['1771711056890922', `[ 0.482978] CPU features: detected: RCpc load-acquire (LDAPR)`, '#dddddd']
},
{
    'id': 'dev.perfetto.AddNote',
    'args': ['1771711056891819', `[ 0.483600] CPU features: detected: 52-bit Virtual Addressing for KVM (LPA2)`, '#dddddd']
},
{
    'id': 'dev.perfetto.AddNote',
    'args': ['1771711056892563', `[ 0.484106] CPU features: detected: LSE atomic instructions`, '#dddddd']
},
{
    'id': 'dev.perfetto.AddNote',
    'args': ['1771711056893470', `[ 0.484543] CPU features: detected: Memory Copy and Memory Set instructions`, '#dddddd']
},
{
    'id': 'dev.perfetto.AddNote',
    'args': ['1771711056894214', `[ 0.485037] CPU features: detected: Privileged Access Never`, '#dddddd']
},
{
    'id': 'dev.perfetto.AddNote',
    'args': ['1771711056894778', `[ 0.486122] CPU features: detected: PMUv3`, '#dddddd']
},
{
    'id': 'dev.perfetto.AddNote',
    'args': ['1771711056895357', `[ 0.486504] CPU features: detected: SCTLR2`, '#dddddd']
},
{
    'id': 'dev.perfetto.AddNote',
    'args': ['1771711056896090', `[ 0.486883] CPU features: detected: RAS Extension Support`, '#dddddd']
},
{
    'id': 'dev.perfetto.AddNote',
    'args': ['1771711056897140', `[ 0.487591] CPU features: detected: RASv1p1 Extension Support`, '#dddddd']
},
{
    'id': 'dev.perfetto.AddNote',
    'args': ['1771711056897884', `[ 0.488043] CPU features: detected: Random Number Generator`, '#dddddd']
},
{
    'id': 'dev.perfetto.AddNote',
    'args': ['1771711056898643', `[ 0.488481] CPU features: detected: Speculation barrier (SB)`, '#dddddd']
},
{
    'id': 'dev.perfetto.AddNote',
    'args': ['1771711056899402', `[ 0.488921] CPU features: detected: Stage-2 Force Write-Back`, '#dddddd']
},
{
    'id': 'dev.perfetto.AddNote',
    'args': ['1771711056900373', `[ 0.489369] CPU features: detected: Trap EL0 IMPLEMENTATION DEFINED functionality`, '#dddddd']
},
{
    'id': 'dev.perfetto.AddNote',
    'args': ['1771711056901228', `[ 0.489903] CPU features: detected: TLB range maintenance instructions`, '#dddddd']
},
{
    'id': 'dev.perfetto.AddNote',
    'args': ['1771711056901884', `[ 0.490370] CPU features: detected: WFx with timeout`, '#dddddd']
},
{
    'id': 'dev.perfetto.AddNote',
    'args': ['1771711056902627', `[ 0.491209] CPU features: detected: Scalable Matrix Extension`, '#dddddd']
},
{
    'id': 'dev.perfetto.AddNote',
    'args': ['1771711056903160', `[ 0.491661] CPU features: detected: FA64`, '#dddddd']
},
{
    'id': 'dev.perfetto.AddNote',
    'args': ['1771711056903704', `[ 0.492027] CPU features: detected: SME2`, '#dddddd']
},
{
    'id': 'dev.perfetto.AddNote',
    'args': ['1771711056904620', `[ 0.492396] CPU features: detected: Speculative Store Bypassing Safe (SSBS)`, '#dddddd']
},
{
    'id': 'dev.perfetto.AddNote',
    'args': ['1771711056905389', `[ 0.492875] CPU features: detected: Scalable Vector Extension`, '#dddddd']
},
{
    'id': 'dev.perfetto.AddNote',
    'args': ['1771711056906126', `[ 0.527695] alternatives: applying system-wide alternatives`, '#dddddd']
},
{
    'id': 'dev.perfetto.AddNote',
    'args': ['1771711056906997', `[ 0.609309] CPU features: detected: Hardware dirty bit management on CPU0`, '#dddddd']
},
{
    'id': 'dev.perfetto.AddNote',
    'args': ['1771711056908407', `[ 0.613029] SVE: maximum available vector length 256 bytes per vector`, '#dddddd']
},
{
    'id': 'dev.perfetto.AddNote',
    'args': ['1771711056909136', `[ 0.613669] SVE: default vector length 64 bytes per vector`, '#dddddd']
},
{
    'id': 'dev.perfetto.AddNote',
    'args': ['1771711056909954', `[ 0.618826] SME: minimum available vector length 16 bytes per vector`, '#dddddd']
},
{
    'id': 'dev.perfetto.AddNote',
    'args': ['1771711056910788', `[ 0.619297] SME: maximum available vector length 256 bytes per vector`, '#dddddd']
},
{
    'id': 'dev.perfetto.AddNote',
    'args': ['1771711056911505', `[ 0.619753] SME: default vector length 32 bytes per vector`, '#dddddd']
},
{
    'id': 'dev.perfetto.AddNote',
    'args': ['1771711056913244', `[ 0.693318] Memory: 8044556K/8388608K available (18304K kernel code, 5390K rwdata, 12648K rodata, 3200K init, 681K bss, 307332K reserved, 32768K cma-reserved)`, '#dddddd']
},
{
    'id': 'dev.perfetto.AddNote',
    'args': ['1771711056913711', `[ 0.817535] devtmpfs: initialized`, '#dddddd']
},
{
    'id': 'dev.perfetto.AddNote',
    'args': ['1771711056914930', `[ 1.060479] clocksource: jiffies: mask: 0xffffffff max_cycles: 0xffffffff, max_idle_ns: 19112604462750000 ns`, '#dddddd']
},
{
    'id': 'dev.perfetto.AddNote',
    'args': ['1771711056915869', `[ 1.063621] posixtimers hash table entries: 512 (order: 1, 8192 bytes, linear)`, '#dddddd']
},
{
    'id': 'dev.perfetto.AddNote',
    'args': ['1771711056916955', `[ 1.067736] futex hash table entries: 256 (16384 bytes on 1 NUMA nodes, total 16 KiB, linear).`, '#dddddd']
},
{
    'id': 'dev.perfetto.AddNote',
    'args': ['1771711056917615', `[ 1.080245] 22656 pages in range for non-PLT usage`, '#dddddd']
},
{
    'id': 'dev.perfetto.AddNote',
    'args': ['1771711056918421', `[ 1.080580] 514176 pages in range for PLT usage`, '#dddddd']
},
{
    'id': 'dev.perfetto.AddNote',
    'args': ['1771711056919108', `[ 1.093217] pinctrl core: initialized pinctrl subsystem`, '#dddddd']
},
{
    'id': 'dev.perfetto.AddNote',
    'args': ['1771711056919631', `[ 1.167778] DMI not present or invalid.`, '#dddddd']
},
{
    'id': 'dev.perfetto.AddNote',
    'args': ['1771711056920403', `[ 1.308376] NET: Registered PF_NETLINK/PF_ROUTE protocol family`, '#dddddd']
},
{
    'id': 'dev.perfetto.AddNote',
    'args': ['1771711056921309', `[ 1.359286] DMA: preallocated 1024 KiB GFP_KERNEL pool for atomic allocations`, '#dddddd']
},
{
    'id': 'dev.perfetto.AddNote',
    'args': ['1771711056922311', `[ 1.366522] DMA: preallocated 1024 KiB GFP_KERNEL|GFP_DMA pool for atomic allocations`, '#dddddd']
},
{
    'id': 'dev.perfetto.AddNote',
    'args': ['1771711056923344', `[ 1.376199] DMA: preallocated 1024 KiB GFP_KERNEL|GFP_DMA32 pool for atomic allocations`, '#dddddd']
},
{
    'id': 'dev.perfetto.AddNote',
    'args': ['1771711056924063', `[ 1.377837] audit: initializing netlink subsys (disabled)`, '#dddddd']
},
{
    'id': 'dev.perfetto.AddNote',
    'args': ['1771711056925052', `[ 1.385351] audit: type=2000 audit(1.200:1): state=initialized audit_enabled=0 res=1`, '#dddddd']
},
{
    'id': 'dev.perfetto.AddNote',
    'args': ['1771711056925852', `[ 1.419382] thermal_sys: Registered thermal governor 'step_wise'`, '#dddddd']
},
{
    'id': 'dev.perfetto.AddNote',
    'args': ['1771711056926712', `[ 1.419591] thermal_sys: Registered thermal governor 'power_allocator'`, '#dddddd']
},
{
    'id': 'dev.perfetto.AddNote',
    'args': ['1771711056927254', `[ 1.421752] cpuidle: using governor menu`, '#dddddd']
},
{
    'id': 'dev.perfetto.AddNote',
    'args': ['1771711056928135', `[ 1.429476] hw-breakpoint: found 6 breakpoint and 4 watchpoint registers.`, '#dddddd']
},
{
    'id': 'dev.perfetto.AddNote',
    'args': ['1771711056929240', `[ 1.431445] ASID allocator initialised with 65536 entries`, '#dddddd']
},
{
    'id': 'dev.perfetto.AddNote',
    'args': ['1771711056929805', `[ 1.495395] Serial: AMBA PL011 UART driver`, '#dddddd']
},
{
    'id': 'dev.perfetto.AddNote',
    'args': ['1771711056930906', `[ 2.062179] 9000000.pl011: ttyAMA0 at MMIO 0x9000000 (irq = 15, base_baud = 0) is a PL011 rev1`, '#dddddd']
},
{
    'id': 'dev.perfetto.AddNote',
    'args': ['1771711056931514', `[ 2.070941] printk: console [ttyAMA0] enabled`, '#dddddd']
},
{
    'id': 'dev.perfetto.AddNote',
    'args': ['1771711057016152', `[ 2.294688] HugeTLB: allocation took 0ms with hugepage_allocation_threads=1`, '#dddddd']
},
{
    'id': 'dev.perfetto.AddNote',
    'args': ['1771711057018009', `[ 2.296601] HugeTLB: allocation took 0ms with hugepage_allocation_threads=1`, '#dddddd']
},
{
    'id': 'dev.perfetto.AddNote',
    'args': ['1771711057021290', `[ 2.299900] HugeTLB: registered 1.00 GiB page size, pre-allocated 0 pages`, '#dddddd']
},
{
    'id': 'dev.perfetto.AddNote',
    'args': ['1771711057022923', `[ 2.301578] HugeTLB: 0 KiB vmemmap can be freed for a 1.00 GiB page`, '#dddddd']
},
{
    'id': 'dev.perfetto.AddNote',
    'args': ['1771711057024644', `[ 2.303225] HugeTLB: registered 32.0 MiB page size, pre-allocated 0 pages`, '#dddddd']
},
{
    'id': 'dev.perfetto.AddNote',
    'args': ['1771711057026253', `[ 2.304891] HugeTLB: 0 KiB vmemmap can be freed for a 32.0 MiB page`, '#dddddd']
},
{
    'id': 'dev.perfetto.AddNote',
    'args': ['1771711057027953', `[ 2.306534] HugeTLB: registered 2.00 MiB page size, pre-allocated 0 pages`, '#dddddd']
},
{
    'id': 'dev.perfetto.AddNote',
    'args': ['1771711057029554', `[ 2.308207] HugeTLB: 0 KiB vmemmap can be freed for a 2.00 MiB page`, '#dddddd']
},
{
    'id': 'dev.perfetto.AddNote',
    'args': ['1771711057031424', `[ 2.309990] HugeTLB: registered 64.0 KiB page size, pre-allocated 0 pages`, '#dddddd']
},
{
    'id': 'dev.perfetto.AddNote',
    'args': ['1771711057033040', `[ 2.311688] HugeTLB: 0 KiB vmemmap can be freed for a 64.0 KiB page`, '#dddddd']
},
{
    'id': 'dev.perfetto.AddNote',
    'args': ['1771711057094313', `[ 2.373252] ACPI: Interpreter disabled.`, '#dddddd']
},
{
    'id': 'dev.perfetto.AddNote',
    'args': ['1771711057180218', `[ 2.458996] iommu: Default domain type: Translated`, '#dddddd']
},
{
    'id': 'dev.perfetto.AddNote',
    'args': ['1771711057182109', `[ 2.460749] iommu: DMA domain TLB invalidation policy: strict mode`, '#dddddd']
},
{
    'id': 'dev.perfetto.AddNote',
    'args': ['1771711057190499', `[ 2.469467] SCSI subsystem initialized`, '#dddddd']
},
{
    'id': 'dev.perfetto.AddNote',
    'args': ['1771711057206107', `[ 2.484833] usbcore: registered new interface driver usbfs`, '#dddddd']
},
{
    'id': 'dev.perfetto.AddNote',
    'args': ['1771711057216466', `[ 2.495270] usbcore: registered new interface driver hub`, '#dddddd']
},
{
    'id': 'dev.perfetto.AddNote',
    'args': ['1771711057218572', `[ 2.497399] usbcore: registered new device driver usb`, '#dddddd']
},
{
    'id': 'dev.perfetto.AddNote',
    'args': ['1771711057248678', `[ 2.527443] pps_core: LinuxPPS API ver. 1 registered`, '#dddddd']
},
{
    'id': 'dev.perfetto.AddNote',
    'args': ['1771711057250617', `[ 2.528920] pps_core: Software ver. 5.3.6 - Copyright 2005-2007 Rodolfo Giometti <giometti@linux.it>`, '#dddddd']
},
{
    'id': 'dev.perfetto.AddNote',
    'args': ['1771711057252445', `[ 2.531396] PTP clock support registered`, '#dddddd']
},
{
    'id': 'dev.perfetto.AddNote',
    'args': ['1771711057256915', `[ 2.535956] EDAC MC: Ver: 3.0.0`, '#dddddd']
},
{
    'id': 'dev.perfetto.AddNote',
    'args': ['1771711057268339', `[ 2.547172] scmi_core: SCMI protocol bus registered`, '#dddddd']
},
{
    'id': 'dev.perfetto.AddNote',
    'args': ['1771711057295487', `[ 2.574486] FPGA manager framework`, '#dddddd']
},
{
    'id': 'dev.perfetto.AddNote',
    'args': ['1771711057352184', `[ 2.631260] vgaarb: loaded`, '#dddddd']
},
{
    'id': 'dev.perfetto.AddNote',
    'args': ['1771711057363413', `[ 2.642094] clocksource: Switched to clocksource arch_sys_counter`, '#dddddd']
},
{
    'id': 'dev.perfetto.AddNote',
    'args': ['1771711057376318', `[ 2.655236] VFS: Disk quotas dquot_6.6.0`, '#dddddd']
},
{
    'id': 'dev.perfetto.AddNote',
    'args': ['1771711057378344', `[ 2.656915] VFS: Dquot-cache hash table entries: 512 (order 0, 4096 bytes)`, '#dddddd']
},
{
    'id': 'dev.perfetto.AddNote',
    'args': ['1771711057388501', `[ 2.667503] pnp: PnP ACPI: disabled`, '#dddddd']
},
{
    'id': 'dev.perfetto.AddNote',
    'args': ['1771711057539537', `[ 2.818354] NET: Registered PF_INET protocol family`, '#dddddd']
},
{
    'id': 'dev.perfetto.AddNote',
    'args': ['1771711057556029', `[ 2.834484] IP idents hash table entries: 131072 (order: 8, 1048576 bytes, linear)`, '#dddddd']
},
{
    'id': 'dev.perfetto.AddNote',
    'args': ['1771711057616735', `[ 2.895021] tcp_listen_portaddr_hash hash table entries: 4096 (order: 4, 65536 bytes, linear)`, '#dddddd']
},
{
    'id': 'dev.perfetto.AddNote',
    'args': ['1771711057619696', `[ 2.898108] Table-perturb hash table entries: 65536 (order: 6, 262144 bytes, linear)`, '#dddddd']
},
{
    'id': 'dev.perfetto.AddNote',
    'args': ['1771711057621959', `[ 2.900350] TCP established hash table entries: 65536 (order: 7, 524288 bytes, linear)`, '#dddddd']
},
{
    'id': 'dev.perfetto.AddNote',
    'args': ['1771711057637995', `[ 2.916371] TCP bind hash table entries: 65536 (order: 9, 2097152 bytes, linear)`, '#dddddd']
},
{
    'id': 'dev.perfetto.AddNote',
    'args': ['1771711057663260', `[ 2.941842] TCP: Hash tables configured (established 65536 bind 65536)`, '#dddddd']
},
{
    'id': 'dev.perfetto.AddNote',
    'args': ['1771711057668995', `[ 2.947548] UDP hash table entries: 4096 (order: 6, 262144 bytes, linear)`, '#dddddd']
},
{
    'id': 'dev.perfetto.AddNote',
    'args': ['1771711057674668', `[ 2.953134] UDP-Lite hash table entries: 4096 (order: 6, 262144 bytes, linear)`, '#dddddd']
},
{
    'id': 'dev.perfetto.AddNote',
    'args': ['1771711057683409', `[ 2.962140] NET: Registered PF_UNIX/PF_LOCAL protocol family`, '#dddddd']
},
{
    'id': 'dev.perfetto.AddNote',
    'args': ['1771711057696288', `[ 2.974610] RPC: Registered named UNIX socket transport module.`, '#dddddd']
},
{
    'id': 'dev.perfetto.AddNote',
    'args': ['1771711057697691', `[ 2.976295] RPC: Registered udp transport module.`, '#dddddd']
},
{
    'id': 'dev.perfetto.AddNote',
    'args': ['1771711057699023', `[ 2.977610] RPC: Registered tcp transport module.`, '#dddddd']
},
{
    'id': 'dev.perfetto.AddNote',
    'args': ['1771711057700483', `[ 2.978940] RPC: Registered tcp-with-tls transport module.`, '#dddddd']
},
{
    'id': 'dev.perfetto.AddNote',
    'args': ['1771711057702282', `[ 2.980406] RPC: Registered tcp NFSv4.1 backchannel transport module.`, '#dddddd']
},
{
    'id': 'dev.perfetto.AddNote',
    'args': ['1771711057703584', `[ 2.982502] PCI: CLS 0 bytes, default 64`, '#dddddd']
},
{
    'id': 'dev.perfetto.AddNote',
    'args': ['1771711057731988', `[ 3.010617] Unpacking initramfs...`, '#dddddd']
},
{
    'id': 'dev.perfetto.AddNote',
    'args': ['1771711057743660', `[ 3.022125] Initramfs unpacking failed: invalid magic at start of compressed archive`, '#dddddd']
},
{
    'id': 'dev.perfetto.AddNote',
    'args': ['1771711057925758', `[ 3.204284] kvm [1]: nv: 567 coarse grained trap handlers`, '#dddddd']
},
{
    'id': 'dev.perfetto.AddNote',
    'args': ['1771711057961526', `[ 3.240259] kvm [1]: nv: 664 fine grained trap handlers`, '#dddddd']
},
{
    'id': 'dev.perfetto.AddNote',
    'args': ['1771711057996589', `[ 3.275347] kvm [1]: IPA Size Limit: 52 bits`, '#dddddd']
},
{
    'id': 'dev.perfetto.AddNote',
    'args': ['1771711058000165', `[ 3.279001] kvm [1]: GICv3: no GICV resource entry`, '#dddddd']
},
{
    'id': 'dev.perfetto.AddNote',
    'args': ['1771711058002876', `[ 3.281745] kvm [1]: disabling GICv2 emulation`, '#dddddd']
},
{
    'id': 'dev.perfetto.AddNote',
    'args': ['1771711058013437', `[ 3.292050] kvm [1]: GIC system register CPU interface enabled`, '#dddddd']
},
{
    'id': 'dev.perfetto.AddNote',
    'args': ['1771711058018180', `[ 3.297081] kvm [1]: vgic interrupt IRQ9`, '#dddddd']
},
{
    'id': 'dev.perfetto.AddNote',
    'args': ['1771711058021741', `[ 3.300498] kvm [1]: VHE mode initialized successfully`, '#dddddd']
},
{
    'id': 'dev.perfetto.AddNote',
    'args': ['1771711058080011', `[ 3.358857] Initialise system trusted keyrings`, '#dddddd']
},
{
    'id': 'dev.perfetto.AddNote',
    'args': ['1771711058094633', `[ 3.373203] workingset: timestamp_bits=42 max_order=21 bucket_order=0`, '#dddddd']
},
{
    'id': 'dev.perfetto.AddNote',
    'args': ['1771711058119289', `[ 3.397992] squashfs: version 4.0 (2009/01/31) Phillip Lougher`, '#dddddd']
},
{
    'id': 'dev.perfetto.AddNote',
    'args': ['1771711058135677', `[ 3.414454] NFS: Registering the id_resolver key type`, '#dddddd']
},
{
    'id': 'dev.perfetto.AddNote',
    'args': ['1771711058157635', `[ 3.430095] Key type id_resolver registered`, '#dddddd']
},
{
    'id': 'dev.perfetto.AddNote',
    'args': ['1771711058158173', `[ 3.430705] Key type id_legacy registered`, '#dddddd']
},
{
    'id': 'dev.perfetto.AddNote',
    'args': ['1771711058159023', `[ 3.432637] nfs4filelayout_init: NFSv4 File Layout Driver Registering...`, '#dddddd']
},
{
    'id': 'dev.perfetto.AddNote',
    'args': ['1771711058159967', `[ 3.433430] nfs4flexfilelayout_init: NFSv4 Flexfile Layout Driver Registering...`, '#dddddd']
},
{
    'id': 'dev.perfetto.AddNote',
    'args': ['1771711058161605', `[ 3.440355] 9p: Installing v9fs 9p2000 file system support`, '#dddddd']
},
{
    'id': 'dev.perfetto.AddNote',
    'args': ['1771711058212675', `[ 3.491569] Freeing initrd memory: 39692K`, '#dddddd']
},
{
    'id': 'dev.perfetto.AddNote',
    'args': ['1771711058669757', `[ 3.948551] Key type asymmetric registered`, '#dddddd']
},
{
    'id': 'dev.perfetto.AddNote',
    'args': ['1771711058671306', `[ 3.950140] Asymmetric key parser 'x509' registered`, '#dddddd']
},
{
    'id': 'dev.perfetto.AddNote',
    'args': ['1771711058674368', `[ 3.952885] Block layer SCSI generic (bsg) driver version 0.4 loaded (major 244)`, '#dddddd']
},
{
    'id': 'dev.perfetto.AddNote',
    'args': ['1771711058676341', `[ 3.955113] io scheduler mq-deadline registered`, '#dddddd']
},
{
    'id': 'dev.perfetto.AddNote',
    'args': ['1771711058677967', `[ 3.956841] io scheduler kyber registered`, '#dddddd']
},
{
    'id': 'dev.perfetto.AddNote',
    'args': ['1771711058681034', `[ 3.959956] io scheduler bfq registered`, '#dddddd']
},
{
    'id': 'dev.perfetto.AddNote',
    'args': ['1771711059034305', `[ 4.313006] ledtrig-cpu: registered to indicate activity on CPUs`, '#dddddd']
},
{
    'id': 'dev.perfetto.AddNote',
    'args': ['1771711059064925', `[ 4.342869] pci-host-generic 4010000000.pcie: host bridge /pcie@10000000 ranges:`, '#dddddd']
},
{
    'id': 'dev.perfetto.AddNote',
    'args': ['1771711059069785', `[ 4.347777] pci-host-generic 4010000000.pcie: IO 0x003eff0000..0x003effffff -> 0x0000000000`, '#dddddd']
},
{
    'id': 'dev.perfetto.AddNote',
    'args': ['1771711059073801', `[ 4.352032] pci-host-generic 4010000000.pcie: MEM 0x0010000000..0x003efeffff -> 0x0010000000`, '#dddddd']
},
{
    'id': 'dev.perfetto.AddNote',
    'args': ['1771711059076165', `[ 4.354384] pci-host-generic 4010000000.pcie: MEM 0x8000000000..0xffffffffff -> 0x8000000000`, '#dddddd']
},
{
    'id': 'dev.perfetto.AddNote',
    'args': ['1771711059080854', `[ 4.359228] pci-host-generic 4010000000.pcie: Memory resource size exceeds max for 32 bits`, '#dddddd']
},
{
    'id': 'dev.perfetto.AddNote',
    'args': ['1771711059086660', `[ 4.363802] pci-host-generic 4010000000.pcie: ECAM at [mem 0x4010000000-0x401fffffff] for [bus 00-ff]`, '#dddddd']
},
{
    'id': 'dev.perfetto.AddNote',
    'args': ['1771711059094877', `[ 4.373383] pci-host-generic 4010000000.pcie: PCI host bridge to bus 0000:00`, '#dddddd']
},
{
    'id': 'dev.perfetto.AddNote',
    'args': ['1771711059097657', `[ 4.376205] pci_bus 0000:00: root bus resource [bus 00-ff]`, '#dddddd']
},
{
    'id': 'dev.perfetto.AddNote',
    'args': ['1771711059099653', `[ 4.378109] pci_bus 0000:00: root bus resource [io 0x0000-0xffff]`, '#dddddd']
},
{
    'id': 'dev.perfetto.AddNote',
    'args': ['1771711059101465', `[ 4.379925] pci_bus 0000:00: root bus resource [mem 0x10000000-0x3efeffff]`, '#dddddd']
},
{
    'id': 'dev.perfetto.AddNote',
    'args': ['1771711059103579', `[ 4.381979] pci_bus 0000:00: root bus resource [mem 0x8000000000-0xffffffffff]`, '#dddddd']
},
{
    'id': 'dev.perfetto.AddNote',
    'args': ['1771711059111679', `[ 4.389959] pci 0000:00:00.0: [1b36:0008] type 00 class 0x060000 conventional PCI endpoint`, '#dddddd']
},
{
    'id': 'dev.perfetto.AddNote',
    'args': ['1771711059141275', `[ 4.419647] pci 0000:00:01.0: [1af4:1000] type 00 class 0x020000 conventional PCI endpoint`, '#dddddd']
},
{
    'id': 'dev.perfetto.AddNote',
    'args': ['1771711059145756', `[ 4.424399] pci 0000:00:01.0: BAR 0 [io 0x1000-0x101f]`, '#dddddd']
},
{
    'id': 'dev.perfetto.AddNote',
    'args': ['1771711059147475', `[ 4.426121] pci 0000:00:01.0: BAR 1 [mem 0x10000000-0x10000fff]`, '#dddddd']
},
{
    'id': 'dev.perfetto.AddNote',
    'args': ['1771711059149627', `[ 4.427879] pci 0000:00:01.0: BAR 4 [mem 0x10004000-0x10007fff 64bit pref]`, '#dddddd']
},
{
    'id': 'dev.perfetto.AddNote',
    'args': ['1771711059151416', `[ 4.429971] pci 0000:00:01.0: ROM [mem 0x10040000-0x1007ffff pref]`, '#dddddd']
},
{
    'id': 'dev.perfetto.AddNote',
    'args': ['1771711059158140', `[ 4.436399] pci 0000:00:02.0: [1af4:1009] type 00 class 0x000200 conventional PCI endpoint`, '#dddddd']
},
{
    'id': 'dev.perfetto.AddNote',
    'args': ['1771711059162306', `[ 4.440412] pci 0000:00:02.0: BAR 0 [io 0x1020-0x103f]`, '#dddddd']
},
{
    'id': 'dev.perfetto.AddNote',
    'args': ['1771711059163931', `[ 4.442557] pci 0000:00:02.0: BAR 1 [mem 0x10080000-0x10080fff]`, '#dddddd']
},
{
    'id': 'dev.perfetto.AddNote',
    'args': ['1771711059165690', `[ 4.444206] pci 0000:00:02.0: BAR 4 [mem 0x10084000-0x10087fff 64bit pref]`, '#dddddd']
},
{
    'id': 'dev.perfetto.AddNote',
    'args': ['1771711059171794', `[ 4.449980] pci 0000:00:03.0: [1af4:1001] type 00 class 0x010000 conventional PCI endpoint`, '#dddddd']
},
{
    'id': 'dev.perfetto.AddNote',
    'args': ['1771711059175317', `[ 4.453941] pci 0000:00:03.0: BAR 0 [io 0x1080-0x10ff]`, '#dddddd']
},
{
    'id': 'dev.perfetto.AddNote',
    'args': ['1771711059177017', `[ 4.455596] pci 0000:00:03.0: BAR 1 [mem 0x10088000-0x10088fff]`, '#dddddd']
},
{
    'id': 'dev.perfetto.AddNote',
    'args': ['1771711059178841', `[ 4.457311] pci 0000:00:03.0: BAR 4 [mem 0x1008c000-0x1008ffff 64bit pref]`, '#dddddd']
},
{
    'id': 'dev.perfetto.AddNote',
    'args': ['1771711059206103', `[ 4.484580] pci 0000:00:01.0: ROM [mem 0x10000000-0x1003ffff pref]: assigned`, '#dddddd']
},
{
    'id': 'dev.perfetto.AddNote',
    'args': ['1771711059208982', `[ 4.487338] pci 0000:00:01.0: BAR 4 [mem 0x8000000000-0x8000003fff 64bit pref]: assigned`, '#dddddd']
},
{
    'id': 'dev.perfetto.AddNote',
    'args': ['1771711059212600', `[ 4.490696] pci 0000:00:02.0: BAR 4 [mem 0x8000004000-0x8000007fff 64bit pref]: assigned`, '#dddddd']
},
{
    'id': 'dev.perfetto.AddNote',
    'args': ['1771711059215794', `[ 4.494071] pci 0000:00:03.0: BAR 4 [mem 0x8000008000-0x800000bfff 64bit pref]: assigned`, '#dddddd']
},
{
    'id': 'dev.perfetto.AddNote',
    'args': ['1771711059218652', `[ 4.497136] pci 0000:00:01.0: BAR 1 [mem 0x10040000-0x10040fff]: assigned`, '#dddddd']
},
{
    'id': 'dev.perfetto.AddNote',
    'args': ['1771711059220994', `[ 4.499462] pci 0000:00:02.0: BAR 1 [mem 0x10041000-0x10041fff]: assigned`, '#dddddd']
},
{
    'id': 'dev.perfetto.AddNote',
    'args': ['1771711059223797', `[ 4.502269] pci 0000:00:03.0: BAR 1 [mem 0x10042000-0x10042fff]: assigned`, '#dddddd']
},
{
    'id': 'dev.perfetto.AddNote',
    'args': ['1771711059225953', `[ 4.504514] pci 0000:00:03.0: BAR 0 [io 0x1000-0x107f]: assigned`, '#dddddd']
},
{
    'id': 'dev.perfetto.AddNote',
    'args': ['1771711059228166', `[ 4.506720] pci 0000:00:01.0: BAR 0 [io 0x1080-0x109f]: assigned`, '#dddddd']
},
{
    'id': 'dev.perfetto.AddNote',
    'args': ['1771711059230409', `[ 4.508965] pci 0000:00:02.0: BAR 0 [io 0x10a0-0x10bf]: assigned`, '#dddddd']
},
{
    'id': 'dev.perfetto.AddNote',
    'args': ['1771711059233780', `[ 4.512422] pci_bus 0000:00: resource 4 [io 0x0000-0xffff]`, '#dddddd']
},
{
    'id': 'dev.perfetto.AddNote',
    'args': ['1771711059235541', `[ 4.514088] pci_bus 0000:00: resource 5 [mem 0x10000000-0x3efeffff]`, '#dddddd']
},
{
    'id': 'dev.perfetto.AddNote',
    'args': ['1771711059237307', `[ 4.515812] pci_bus 0000:00: resource 6 [mem 0x8000000000-0xffffffffff]`, '#dddddd']
},
{
    'id': 'dev.perfetto.AddNote',
    'args': ['1771711060137471', `[ 5.416074] Serial: 8250/16550 driver, 4 ports, IRQ sharing enabled`, '#dddddd']
},
{
    'id': 'dev.perfetto.AddNote',
    'args': ['1771711060232012', `[ 5.510726] msm_serial: driver initialized`, '#dddddd']
},
{
    'id': 'dev.perfetto.AddNote',
    'args': ['1771711060244545', `[ 5.523344] SuperH (H)SCI(F) driver initialized`, '#dddddd']
},
{
    'id': 'dev.perfetto.AddNote',
    'args': ['1771711060252789', `[ 5.531702] STM32 USART driver initialized`, '#dddddd']
},
{
    'id': 'dev.perfetto.AddNote',
    'args': ['1771711060329993', `[ 5.608422] arm-smmu-v3 9050000.smmuv3: ias 44-bit, oas 44-bit (features 0x01088705)`, '#dddddd']
},
{
    'id': 'dev.perfetto.AddNote',
    'args': ['1771711060360030', `[ 5.638545] arm-smmu-v3 9050000.smmuv3: allocated 65536 entries for cmdq`, '#dddddd']
},
{
    'id': 'dev.perfetto.AddNote',
    'args': ['1771711060370320', `[ 5.648854] arm-smmu-v3 9050000.smmuv3: allocated 32768 entries for evtq`, '#dddddd']
},
{
    'id': 'dev.perfetto.AddNote',
    'args': ['1771711060409207', `[ 5.687781] pci 0000:00:00.0: Adding to iommu group 0`, '#dddddd']
},
{
    'id': 'dev.perfetto.AddNote',
    'args': ['1771711060413506', `[ 5.692051] pci 0000:00:01.0: Adding to iommu group 1`, '#dddddd']
},
{
    'id': 'dev.perfetto.AddNote',
    'args': ['1771711060417102', `[ 5.695668] pci 0000:00:02.0: Adding to iommu group 2`, '#dddddd']
},
{
    'id': 'dev.perfetto.AddNote',
    'args': ['1771711060420278', `[ 5.698824] pci 0000:00:03.0: Adding to iommu group 3`, '#dddddd']
},
{
    'id': 'dev.perfetto.AddNote',
    'args': ['1771711060606023', `[ 5.884895] loop: module loaded`, '#dddddd']
},
{
    'id': 'dev.perfetto.AddNote',
    'args': ['1771711060637711', `[ 5.916482] megasas: 07.734.00.00-rc1`, '#dddddd']
},
{
    'id': 'dev.perfetto.AddNote',
    'args': ['1771711060737678', `[ 6.015394] physmap-flash 4000000.flash: physmap platform flash device: [mem 0x04000000-0x07ffffff]`, '#dddddd']
},
{
    'id': 'dev.perfetto.AddNote',
    'args': ['1771711060745811', `[ 6.023691] 4000000.flash: Found 2 x16 devices at 0x0 in 32-bit bank. Manufacturer ID 0x000000 Chip ID 0x000000`, '#dddddd']
},
{
    'id': 'dev.perfetto.AddNote',
    'args': ['1771711060749509', `[ 6.027921] Intel/Sharp Extended Query Table at 0x0031`, '#dddddd']
},
{
    'id': 'dev.perfetto.AddNote',
    'args': ['1771711060753531', `[ 6.032210] Using buffer write method`, '#dddddd']
},
{
    'id': 'dev.perfetto.AddNote',
    'args': ['1771711061028780', `[ 6.307287] tun: Universal TUN/TAP device driver, 1.6`, '#dddddd']
},
{
    'id': 'dev.perfetto.AddNote',
    'args': ['1771711061065827', `[ 6.344680] thunder_xcv, ver 1.0`, '#dddddd']
},
{
    'id': 'dev.perfetto.AddNote',
    'args': ['1771711061068508', `[ 6.347387] thunder_bgx, ver 1.0`, '#dddddd']
},
{
    'id': 'dev.perfetto.AddNote',
    'args': ['1771711061071131', `[ 6.350044] nicpf, ver 1.0`, '#dddddd']
},
{
    'id': 'dev.perfetto.AddNote',
    'args': ['1771711061123098', `[ 6.401620] e1000: Intel(R) PRO/1000 Network Driver`, '#dddddd']
},
{
    'id': 'dev.perfetto.AddNote',
    'args': ['1771711061125048', `[ 6.403471] e1000: Copyright (c) 1999-2006 Intel Corporation.`, '#dddddd']
},
{
    'id': 'dev.perfetto.AddNote',
    'args': ['1771711061128320', `[ 6.406914] e1000e: Intel(R) PRO/1000 Network Driver`, '#dddddd']
},
{
    'id': 'dev.perfetto.AddNote',
    'args': ['1771711061130169', `[ 6.408658] e1000e: Copyright(c) 1999 - 2015 Intel Corporation.`, '#dddddd']
},
{
    'id': 'dev.perfetto.AddNote',
    'args': ['1771711061133914', `[ 6.412455] igb: Intel(R) Gigabit Ethernet Network Driver`, '#dddddd']
},
{
    'id': 'dev.perfetto.AddNote',
    'args': ['1771711061135719', `[ 6.414262] igb: Copyright (c) 2007-2014 Intel Corporation.`, '#dddddd']
},
{
    'id': 'dev.perfetto.AddNote',
    'args': ['1771711061139160', `[ 6.417589] igbvf: Intel(R) Gigabit Virtual Function Network Driver`, '#dddddd']
},
{
    'id': 'dev.perfetto.AddNote',
    'args': ['1771711061141050', `[ 6.419523] igbvf: Copyright (c) 2009 - 2012 Intel Corporation.`, '#dddddd']
},
{
    'id': 'dev.perfetto.AddNote',
    'args': ['1771711061154298', `[ 6.433115] sky2: driver version 1.30`, '#dddddd']
},
{
    'id': 'dev.perfetto.AddNote',
    'args': ['1771711061203707', `[ 6.482265] VFIO - User Level meta-driver version: 0.3`, '#dddddd']
},
{
    'id': 'dev.perfetto.AddNote',
    'args': ['1771711061333730', `[ 6.612123] usbcore: registered new interface driver usb-storage`, '#dddddd']
},
{
    'id': 'dev.perfetto.AddNote',
    'args': ['1771711061452368', `[ 6.730648] rtc-pl031 9010000.pl031: registered as rtc0`, '#dddddd']
},
{
    'id': 'dev.perfetto.AddNote',
    'args': ['1771711061458650', `[ 6.735321] rtc-pl031 9010000.pl031: setting system clock to 2026-02-21T21:57:41 UTC (1771711061)`, '#dddddd']
},
{
    'id': 'dev.perfetto.AddNote',
    'args': ['1771711061486039', `[ 6.764732] i2c_dev: i2c /dev entries driver`, '#dddddd']
},
{
    'id': 'dev.perfetto.AddNote',
    'args': ['1771711061721972', `[ 7.000536] sdhci: Secure Digital Host Controller Interface driver`, '#dddddd']
},
{
    'id': 'dev.perfetto.AddNote',
    'args': ['1771711061723549', `[ 7.002408] sdhci: Copyright(c) Pierre Ossman`, '#dddddd']
},
{
    'id': 'dev.perfetto.AddNote',
    'args': ['1771711061755723', `[ 7.034139] Synopsys Designware Multimedia Card Interface Driver`, '#dddddd']
},
{
    'id': 'dev.perfetto.AddNote',
    'args': ['1771711061795578', `[ 7.074072] sdhci-pltfm: SDHCI platform and OF driver helper`, '#dddddd']
},
{
    'id': 'dev.perfetto.AddNote',
    'args': ['1771711061897938', `[ 7.176544] SMCCC: SOC_ID: ARCH_SOC_ID not implemented, skipping ....`, '#dddddd']
},
{
    'id': 'dev.perfetto.AddNote',
    'args': ['1771711061937857', `[ 7.216419] usbcore: registered new interface driver usbhid`, '#dddddd']
},
{
    'id': 'dev.perfetto.AddNote',
    'args': ['1771711061939377', `[ 7.218224] usbhid: USB HID core driver`, '#dddddd']
},
{
    'id': 'dev.perfetto.AddNote',
    'args': ['1771711062075439', `[ 7.353215] hw perfevents: enabled with armv8_pmuv3 PMU driver, 7 (0,8000003f) counters available`, '#dddddd']
},
{
    'id': 'dev.perfetto.AddNote',
    'args': ['1771711062195070', `[ 7.473881] NET: Registered PF_PACKET protocol family`, '#dddddd']
},
{
    'id': 'dev.perfetto.AddNote',
    'args': ['1771711062201963', `[ 7.480723] 9pnet: Installing 9P2000 support`, '#dddddd']
},
{
    'id': 'dev.perfetto.AddNote',
    'args': ['1771711062204351', `[ 7.483208] Key type dns_resolver registered`, '#dddddd']
},
{
    'id': 'dev.perfetto.AddNote',
    'args': ['1771711062583648', `[ 7.862545] registered taskstats version 1`, '#dddddd']
},
{
    'id': 'dev.perfetto.AddNote',
    'args': ['1771711062600878', `[ 7.879703] Loading compiled-in X.509 certificates`, '#dddddd']
},
{
    'id': 'dev.perfetto.AddNote',
    'args': ['1771711062878741', `[ 8.157582] Demotion targets for Node 0: null`, '#dddddd']
},
{
    'id': 'dev.perfetto.AddNote',
    'args': ['1771711063019763', `[ 8.298335] virtio_blk virtio2: 1/0/0 default/read/poll queues`, '#dddddd']
},
{
    'id': 'dev.perfetto.AddNote',
    'args': ['1771711063034616', `[ 8.312919] virtio_blk virtio2: [vda] 20971520 512-byte logical blocks (10.7 GB/10.0 GiB)`, '#dddddd']
},
{
    'id': 'dev.perfetto.AddNote',
    'args': ['1771711063106245', `[ 8.385174] clk: Disabling unused clocks`, '#dddddd']
},
{
    'id': 'dev.perfetto.AddNote',
    'args': ['1771711063108375', `[ 8.387202] PM: genpd: Disabling unused power domains`, '#dddddd']
},
{
    'id': 'dev.perfetto.AddNote',
    'args': ['1771711063140217', `[ 8.418922] check access for rdinit=/init failed: -2, ignoring`, '#dddddd']
},
{
    'id': 'dev.perfetto.AddNote',
    'args': ['1771711063941214', `[ 9.219979] EXT4-fs (vda): recovery complete`, '#dddddd']
},
{
    'id': 'dev.perfetto.AddNote',
    'args': ['1771711063955762', `[ 9.233054] EXT4-fs (vda): mounted filesystem c8552168-57e5-47bd-b437-de7b30389f0c r/w with ordered data mode. Quota mode: none.`, '#dddddd']
},
{
    'id': 'dev.perfetto.AddNote',
    'args': ['1771711063958350', `[ 9.236955] VFS: Mounted root (ext4 filesystem) on device 254:0.`, '#dddddd']
},
{
    'id': 'dev.perfetto.AddNote',
    'args': ['1771711063964831', `[ 9.243876] devtmpfs: mounted`, '#dddddd']
},
{
    'id': 'dev.perfetto.AddNote',
    'args': ['1771711064223305', `[ 9.502130] Freeing unused kernel memory: 3200K`, '#dddddd']
},
{
    'id': 'dev.perfetto.AddNote',
    'args': ['1771711064228296', `[ 9.507258] Run /init as init process`, '#dddddd']
},
{
    'id': 'dev.perfetto.AddNote',
    'args': ['1771711064996923', `+ export PATH=/usr/bin:/bin:/sbin`, '#dddddd']
},
{
    'id': 'dev.perfetto.AddNote',
    'args': ['1771711065000970', `+ PATH=/usr/bin:/bin:/sbin`, '#dddddd']
},
{
    'id': 'dev.perfetto.AddNote',
    'args': ['1771711065006768', `+ mount -t proc none /proc`, '#dddddd']
},
{
    'id': 'dev.perfetto.AddNote',
    'args': ['1771711065315364', `+ mount -t sysfs none /sys`, '#dddddd']
},
{
    'id': 'dev.perfetto.AddNote',
    'args': ['1771711065446755', `+ mkdir /dev/pts`, '#dddddd']
},
{
    'id': 'dev.perfetto.AddNote',
    'args': ['1771711065536101', `+ mount devpts /dev/pts -t devpts`, '#dddddd']
},
{
    'id': 'dev.perfetto.AddNote',
    'args': ['1771711065653050', `+ ln -s /proc/self/fd /dev/fd`, '#dddddd']
},
{
    'id': 'dev.perfetto.AddNote',
    'args': ['1771711065724028', `+ ln -s /proc/self/fd/0 /dev/stdin`, '#dddddd']
},
{
    'id': 'dev.perfetto.AddNote',
    'args': ['1771711065777876', `+ ln -s /proc/self/fd/1 /dev/stdout`, '#dddddd']
},
{
    'id': 'dev.perfetto.AddNote',
    'args': ['1771711065830849', `+ ln -s /proc/self/fd/2 /dev/stderr`, '#dddddd']
},
{
    'id': 'dev.perfetto.AddNote',
    'args': ['1771711065887614', `+ hostname -F /hostname`, '#dddddd']
},
{
    'id': 'dev.perfetto.AddNote',
    'args': ['1771711065957693', `+ mount -t 9p -o trans=virtio host /host`, '#dddddd']
},
{
    'id': 'dev.perfetto.AddNote',
    'args': ['1771711066169371', `+ ifconfig -a`, '#dddddd']
},
{
    'id': 'dev.perfetto.AddNote',
    'args': ['1771711066194376', `+ grep -q eth0`, '#dddddd']
},
{
    'id': 'dev.perfetto.AddNote',
    'args': ['1771711066410193', `+ ifconfig eth0 up`, '#dddddd']
},
{
    'id': 'dev.perfetto.AddNote',
    'args': ['1771711066496172', `+ ifconfig eth0 10.0.2.15 netmask 255.255.255.0 broadcast 10.0.2.255`, '#dddddd']
},
{
    'id': 'dev.perfetto.AddNote',
    'args': ['1771711066583226', `+ route add default gw 10.0.2.2`, '#dddddd']
},
{
    'id': 'dev.perfetto.AddNote',
    'args': ['1771711066660190', `+ '[' 2 -ge 1 ']'`, '#dddddd']
},
{
    'id': 'dev.perfetto.AddNote',
    'args': ['1771711066666013', `+ uname -a`, '#dddddd']
},
{
    'id': 'dev.perfetto.AddNote',
    'args': ['1771711066718425', `Linux host 6.17.0-00001-g2770d5f106b0 #1 SMP PREEMPT Thu Feb 19 17:53:54 UTC 2026 aarch64 GNU/Linux`, '#dddddd']
},
{
    'id': 'dev.perfetto.AddNote',
    'args': ['1771711066728245', `+ sync`, '#dddddd']
},
{
    'id': 'dev.perfetto.AddNote',
    'args': ['1771711066832966', `+ sleep 0.1`, '#dddddd']
},
{
    'id': 'dev.perfetto.AddNote',
    'args': ['1771711067000815', `+ echo o`, '#dddddd']
},
{
    'id': 'dev.perfetto.AddNote',
    'args': ['1771711067012423', `[ 12.290744] sysrq: Power Off`, '#dddddd']
},
{
    'id': 'dev.perfetto.AddNote',
    'args': ['1771711067024305', `+ sleep 10`, '#dddddd']
},
{
    'id': 'dev.perfetto.AddNote',
    'args': ['1771711067036183', `[ 12.314678] Flash device refused suspend due to active operation (state 20)`, '#dddddd']
},
{
    'id': 'dev.perfetto.AddNote',
    'args': ['1771711067039946', `[ 12.318816] kvm: exiting hardware virtualization`, '#dddddd']
},
{
    'id': 'dev.perfetto.AddNote',
    'args': ['1771711067055853', `[ 12.334754] reboot: Power down`, '#dddddd']
},
{
    'id': 'dev.perfetto.AddNote',
    'args': ['1771711067059993', `INFO: PSCI Power Domain Map:`, '#dddddd']
},
{
    'id': 'dev.perfetto.AddNote',
    'args': ['1771711067061093', `INFO: Domain Node : Level 1, parent_node 4294967295, State ON (0x0)`, '#dddddd']
},
{
    'id': 'dev.perfetto.AddNote',
    'args': ['1771711067061388', `INFO: Domain Node : Level 1, parent_node 4294967295, State OFF (0x2)`, '#dddddd']
},
{
    'id': 'dev.perfetto.AddNote',
    'args': ['1771711067061842', `INFO: CPU Node : MPID 0x0, parent_node 0, State ON (0x0)`, '#dddddd']
},
{
    'id': 'dev.perfetto.AddNote',
    'args': ['1771711067062220', `INFO: CPU Node : MPID 0xffffffffffffffff, parent_node 0, State OFF (0x2)`, '#dddddd']
},
{
    'id': 'dev.perfetto.AddNote',
    'args': ['1771711067062486', `INFO: CPU Node : MPID 0xffffffffffffffff, parent_node 0, State OFF (0x2)`, '#dddddd']
},
{
    'id': 'dev.perfetto.AddNote',
    'args': ['1771711067062738', `INFO: CPU Node : MPID 0xffffffffffffffff, parent_node 0, State OFF (0x2)`, '#dddddd']
},
{
    'id': 'dev.perfetto.AddNote',
    'args': ['1771711067062999', `INFO: CPU Node : MPID 0xffffffffffffffff, parent_node 0, State OFF (0x2)`, '#dddddd']
},
{
    'id': 'dev.perfetto.AddNote',
    'args': ['1771711067063262', `INFO: CPU Node : MPID 0xffffffffffffffff, parent_node 0, State OFF (0x2)`, '#dddddd']
},
{
    'id': 'dev.perfetto.AddNote',
    'args': ['1771711067063527', `INFO: CPU Node : MPID 0xffffffffffffffff, parent_node 0, State OFF (0x2)`, '#dddddd']
},
{
    'id': 'dev.perfetto.AddNote',
    'args': ['1771711067063799', `INFO: CPU Node : MPID 0xffffffffffffffff, parent_node 0, State OFF (0x2)`, '#dddddd']
},
{
    'id': 'dev.perfetto.AddNote',
    'args': ['1771711067064065', `INFO: CPU Node : MPID 0xffffffffffffffff, parent_node 0, State OFF (0x2)`, '#dddddd']
},
{
    'id': 'dev.perfetto.AddNote',
    'args': ['1771711067064330', `INFO: CPU Node : MPID 0xffffffffffffffff, parent_node 0, State OFF (0x2)`, '#dddddd']
},
{
    'id': 'dev.perfetto.AddNote',
    'args': ['1771711067064595', `INFO: CPU Node : MPID 0xffffffffffffffff, parent_node 0, State OFF (0x2)`, '#dddddd']
},
{
    'id': 'dev.perfetto.AddNote',
    'args': ['1771711067064859', `INFO: CPU Node : MPID 0xffffffffffffffff, parent_node 0, State OFF (0x2)`, '#dddddd']
},
{
    'id': 'dev.perfetto.AddNote',
    'args': ['1771711067065123', `INFO: CPU Node : MPID 0xffffffffffffffff, parent_node 0, State OFF (0x2)`, '#dddddd']
},
{
    'id': 'dev.perfetto.AddNote',
    'args': ['1771711067065389', `INFO: CPU Node : MPID 0xffffffffffffffff, parent_node 0, State OFF (0x2)`, '#dddddd']
},
{
    'id': 'dev.perfetto.AddNote',
    'args': ['1771711067065659', `INFO: CPU Node : MPID 0xffffffffffffffff, parent_node 0, State OFF (0x2)`, '#dddddd']
},
{
    'id': 'dev.perfetto.AddNote',
    'args': ['1771711067065923', `INFO: CPU Node : MPID 0xffffffffffffffff, parent_node 0, State OFF (0x2)`, '#dddddd']
},
{
    'id': 'dev.perfetto.AddNote',
    'args': ['1771711067066187', `INFO: CPU Node : MPID 0xffffffffffffffff, parent_node 1, State OFF (0x2)`, '#dddddd']
},
{
    'id': 'dev.perfetto.AddNote',
    'args': ['1771711067066457', `INFO: CPU Node : MPID 0xffffffffffffffff, parent_node 1, State OFF (0x2)`, '#dddddd']
},
{
    'id': 'dev.perfetto.AddNote',
    'args': ['1771711067066790', `INFO: CPU Node : MPID 0xffffffffffffffff, parent_node 1, State OFF (0x2)`, '#dddddd']
},
{
    'id': 'dev.perfetto.AddNote',
    'args': ['1771711067067053', `INFO: CPU Node : MPID 0xffffffffffffffff, parent_node 1, State OFF (0x2)`, '#dddddd']
},
{
    'id': 'dev.perfetto.AddNote',
    'args': ['1771711067067325', `INFO: CPU Node : MPID 0xffffffffffffffff, parent_node 1, State OFF (0x2)`, '#dddddd']
},
{
    'id': 'dev.perfetto.AddNote',
    'args': ['1771711067067593', `INFO: CPU Node : MPID 0xffffffffffffffff, parent_node 1, State OFF (0x2)`, '#dddddd']
},
{
    'id': 'dev.perfetto.AddNote',
    'args': ['1771711067067866', `INFO: CPU Node : MPID 0xffffffffffffffff, parent_node 1, State OFF (0x2)`, '#dddddd']
},
{
    'id': 'dev.perfetto.AddNote',
    'args': ['1771711067068140', `INFO: CPU Node : MPID 0xffffffffffffffff, parent_node 1, State OFF (0x2)`, '#dddddd']
},
{
    'id': 'dev.perfetto.AddNote',
    'args': ['1771711067068409', `INFO: CPU Node : MPID 0xffffffffffffffff, parent_node 1, State OFF (0x2)`, '#dddddd']
},
{
    'id': 'dev.perfetto.AddNote',
    'args': ['1771711067068676', `INFO: CPU Node : MPID 0xffffffffffffffff, parent_node 1, State OFF (0x2)`, '#dddddd']
},
{
    'id': 'dev.perfetto.AddNote',
    'args': ['1771711067068947', `INFO: CPU Node : MPID 0xffffffffffffffff, parent_node 1, State OFF (0x2)`, '#dddddd']
},
{
    'id': 'dev.perfetto.AddNote',
    'args': ['1771711067069219', `INFO: CPU Node : MPID 0xffffffffffffffff, parent_node 1, State OFF (0x2)`, '#dddddd']
},
{
    'id': 'dev.perfetto.AddNote',
    'args': ['1771711067069486', `INFO: CPU Node : MPID 0xffffffffffffffff, parent_node 1, State OFF (0x2)`, '#dddddd']
},
{
    'id': 'dev.perfetto.AddNote',
    'args': ['1771711067069755', `INFO: CPU Node : MPID 0xffffffffffffffff, parent_node 1, State OFF (0x2)`, '#dddddd']
},
{
    'id': 'dev.perfetto.AddNote',
    'args': ['1771711067070027', `INFO: CPU Node : MPID 0xffffffffffffffff, parent_node 1, State OFF (0x2)`, '#dddddd']
},
{
    'id': 'dev.perfetto.AddNote',
    'args': ['1771711067070297', `INFO: CPU Node : MPID 0xffffffffffffffff, parent_node 1, State OFF (0x2)`, '#dddddd']
},
{
    'id': 'dev.perfetto.AddNote',
    'args': ['1771711067070780', `ERROR: QEMU System Power off: with GPIO.`, '#dddddd']
},
{
    'id': 'dev.perfetto.AddNote',
    'args': ['', ``, '#dddddd']
},
{
 'id': 'dev.perfetto.AddNote',
 'args': [ts_us.toString(), ts_label, '#ff2222']
},
{
 'id': 'dev.perfetto.SetTimestampFormat',
 'args': ['Milliseconds']
},
{
 'id': 'dev.perfetto.ToggleLeftSidebar',
 'args': []
},
];

const startup_commands = encodeURIComponent(JSON.stringify(commands));
viewer.src = 'perfetto/#!/?url=' + url + '&' + parameters + '&startupCommands=' + startup_commands;
viewer.contentWindow.location.reload();
viewer.focus();
}
</script>
</head>

<body>
<div style="display: flex">
<div class="left">
<iframe class="viewer" id="perfetto" src="perfetto/#!/"></iframe>
</div>
<div class="right">
<pre>
<button id="select_0" class="output" onclick="trace('select_0', '1771711046726177', `+ '[' -v INIT ']'`, 'https://raw.githubusercontent.com/once-upon-a-boot/traces/main/1771711046.gz', 'visStart=1771711046726077000&visEnd=1771711046726277000&ts=1771711046726177000')">+</button>+ '[' -v INIT ']'
<button id="select_1" class="output" onclick="trace('select_1', '1771711046726213', `++ pwd`, 'https://raw.githubusercontent.com/once-upon-a-boot/traces/main/1771711046.gz', 'visStart=1771711046726113000&visEnd=1771711046726313000&ts=1771711046726213000')">+</button>++ pwd
<button id="select_2" class="output" onclick="trace('select_2', '1771711046726220', `+ /home/user/.work//qemu/build/qemu-system-aarch64 -plugin /home/user/.work/qemu/build/..//build/contrib/plugins/libuftrace.so,trace-privilege-level=on -nodefaults -display none -serial mon:stdio -netdev user,id=vnet -device virtio-net-pci,netdev=vnet -M virt,secure=on,virtualization=on,gic-version=3,iommu=smmuv3 -cpu max -smp 1 -m 8G -bios ./out/flash.bin -kernel ./out/Image.gz -drive format=raw,file=./out/host.ext4,if=virtio -append 'nokaslr root=/dev/vda rw init=/init -- uname -a' -virtfs local,path=/home/user/.work/qemu-linux-stack/,mount_tag=host,security_model=mapped,readonly=off`, 'https://raw.githubusercontent.com/once-upon-a-boot/traces/main/1771711046.gz', 'visStart=1771711046726120000&visEnd=1771711046726320000&ts=1771711046726220000')">+</button>+ /home/user/.work//qemu/build/qemu-system-aarch64 -plugin /home/user/.work/qemu/build/..//build/contrib/plugins/libuftrace.so,trace-privilege-level=on -nodefaults -display none -serial mon:stdio -netdev user,id=vnet -device virtio-net-pci,netdev=vnet -M virt,secure=on,virtualization=on,gic-version=3,iommu=smmuv3 -cpu max -smp 1 -m 8G -bios ./out/flash.bin -kernel ./out/Image.gz -drive format=raw,file=./out/host.ext4,if=virtio -append 'nokaslr root=/dev/vda rw init=/init -- uname -a' -virtfs local,path=/home/user/.work/qemu-linux-stack/,mount_tag=host,security_model=mapped,readonly=off
<button id="select_3" class="output" onclick="trace('select_3', '1771711046917381', `NOTICE: Booting Trusted Firmware`, 'https://raw.githubusercontent.com/once-upon-a-boot/traces/main/1771711046.gz', 'visStart=1771711046917281000&visEnd=1771711046917481000&ts=1771711046917381000')">+</button>NOTICE: Booting Trusted Firmware
<button id="select_4" class="output" onclick="trace('select_4', '1771711046917930', `NOTICE: BL1: v2.13.0(debug):v2.13.0-2-g2a18af5`, 'https://raw.githubusercontent.com/once-upon-a-boot/traces/main/1771711046.gz', 'visStart=1771711046917830000&visEnd=1771711046918030000&ts=1771711046917930000')">+</button>NOTICE: BL1: v2.13.0(debug):v2.13.0-2-g2a18af5
<button id="select_5" class="output" onclick="trace('select_5', '1771711046917984', `NOTICE: BL1: Built : 17:54:29, Feb 19 2026`, 'https://raw.githubusercontent.com/once-upon-a-boot/traces/main/1771711046.gz', 'visStart=1771711046917884000&visEnd=1771711046918084000&ts=1771711046917984000')">+</button>NOTICE: BL1: Built : 17:54:29, Feb 19 2026
<button id="select_6" class="output" onclick="trace('select_6', '1771711046918853', `INFO: BL1: RAM 0xe0ee000 - 0xe0f6000`, 'https://raw.githubusercontent.com/once-upon-a-boot/traces/main/1771711046.gz', 'visStart=1771711046918753000&visEnd=1771711046918953000&ts=1771711046918853000')">+</button>INFO: BL1: RAM 0xe0ee000 - 0xe0f6000
<button id="select_7" class="output" onclick="trace('select_7', '1771711046920463', `INFO: BL1: Loading BL2`, 'https://raw.githubusercontent.com/once-upon-a-boot/traces/main/1771711046.gz', 'visStart=1771711046920363000&visEnd=1771711046920563000&ts=1771711046920463000')">+</button>INFO: BL1: Loading BL2
<button id="select_8" class="output" onclick="trace('select_8', '1771711046924403', `INFO: Loading image id=1 at address 0xe05b000`, 'https://raw.githubusercontent.com/once-upon-a-boot/traces/main/1771711046.gz', 'visStart=1771711046924303000&visEnd=1771711046924503000&ts=1771711046924403000')">+</button>INFO: Loading image id=1 at address 0xe05b000
<button id="select_9" class="output" onclick="trace('select_9', '1771711046929770', `INFO: Image id=1 loaded: 0xe05b000 - 0xe063201`, 'https://raw.githubusercontent.com/once-upon-a-boot/traces/main/1771711046.gz', 'visStart=1771711046929670000&visEnd=1771711046929870000&ts=1771711046929770000')">+</button>INFO: Image id=1 loaded: 0xe05b000 - 0xe063201
<button id="select_10" class="output" onclick="trace('select_10', '1771711046930839', `NOTICE: BL1: Booting BL2`, 'https://raw.githubusercontent.com/once-upon-a-boot/traces/main/1771711046.gz', 'visStart=1771711046930739000&visEnd=1771711046930939000&ts=1771711046930839000')">+</button>NOTICE: BL1: Booting BL2
<button id="select_11" class="output" onclick="trace('select_11', '1771711046932692', `INFO: Entry point address = 0xe05b000`, 'https://raw.githubusercontent.com/once-upon-a-boot/traces/main/1771711046.gz', 'visStart=1771711046932592000&visEnd=1771711046932792000&ts=1771711046932692000')">+</button>INFO: Entry point address = 0xe05b000
<button id="select_12" class="output" onclick="trace('select_12', '1771711046932913', `INFO: SPSR = 0x3c5`, 'https://raw.githubusercontent.com/once-upon-a-boot/traces/main/1771711046.gz', 'visStart=1771711046932813000&visEnd=1771711046933013000&ts=1771711046932913000')">+</button>INFO: SPSR = 0x3c5
<button id="select_13" class="output" onclick="trace('select_13', '1771711046943768', `NOTICE: BL2: v2.13.0(debug):v2.13.0-2-g2a18af5`, 'https://raw.githubusercontent.com/once-upon-a-boot/traces/main/1771711046.gz', 'visStart=1771711046943668000&visEnd=1771711046943868000&ts=1771711046943768000')">+</button>NOTICE: BL2: v2.13.0(debug):v2.13.0-2-g2a18af5
<button id="select_14" class="output" onclick="trace('select_14', '1771711046944066', `NOTICE: BL2: Built : 17:54:30, Feb 19 2026`, 'https://raw.githubusercontent.com/once-upon-a-boot/traces/main/1771711046.gz', 'visStart=1771711046943966000&visEnd=1771711046944166000&ts=1771711046944066000')">+</button>NOTICE: BL2: Built : 17:54:30, Feb 19 2026
<button id="select_15" class="output" onclick="trace('select_15', '1771711046945672', `INFO: BL2: Doing platform setup`, 'https://raw.githubusercontent.com/once-upon-a-boot/traces/main/1771711046.gz', 'visStart=1771711046945572000&visEnd=1771711046945772000&ts=1771711046945672000')">+</button>INFO: BL2: Doing platform setup
<button id="select_16" class="output" onclick="trace('select_16', '1771711047274590', `INFO: BL2: Loading image id 3`, 'https://raw.githubusercontent.com/once-upon-a-boot/traces/main/1771711047.gz', 'visStart=1771711047274490000&visEnd=1771711047274690000&ts=1771711047274590000')">+</button>INFO: BL2: Loading image id 3
<button id="select_17" class="output" onclick="trace('select_17', '1771711047278032', `INFO: Loading image id=3 at address 0xe090000`, 'https://raw.githubusercontent.com/once-upon-a-boot/traces/main/1771711047.gz', 'visStart=1771711047277932000&visEnd=1771711047278132000&ts=1771711047278032000')">+</button>INFO: Loading image id=3 at address 0xe090000
<button id="select_18" class="output" onclick="trace('select_18', '1771711047293411', `INFO: Image id=3 loaded: 0xe090000 - 0xe0a00c4`, 'https://raw.githubusercontent.com/once-upon-a-boot/traces/main/1771711047.gz', 'visStart=1771711047293311000&visEnd=1771711047293511000&ts=1771711047293411000')">+</button>INFO: Image id=3 loaded: 0xe090000 - 0xe0a00c4
<button id="select_19" class="output" onclick="trace('select_19', '1771711047294642', `INFO: BL2: Loading image id 5`, 'https://raw.githubusercontent.com/once-upon-a-boot/traces/main/1771711047.gz', 'visStart=1771711047294542000&visEnd=1771711047294742000&ts=1771711047294642000')">+</button>INFO: BL2: Loading image id 5
<button id="select_20" class="output" onclick="trace('select_20', '1771711047295091', `INFO: Loading image id=5 at address 0x60000000`, 'https://raw.githubusercontent.com/once-upon-a-boot/traces/main/1771711047.gz', 'visStart=1771711047294991000&visEnd=1771711047295191000&ts=1771711047295091000')">+</button>INFO: Loading image id=5 at address 0x60000000
<button id="select_21" class="output" onclick="trace('select_21', '1771711047566755', `INFO: Image id=5 loaded: 0x60000000 - 0x60142d50`, 'https://raw.githubusercontent.com/once-upon-a-boot/traces/main/1771711047.gz', 'visStart=1771711047566655000&visEnd=1771711047566855000&ts=1771711047566755000')">+</button>INFO: Image id=5 loaded: 0x60000000 - 0x60142d50
<button id="select_22" class="output" onclick="trace('select_22', '1771711047571567', `NOTICE: BL1: Booting BL31`, 'https://raw.githubusercontent.com/once-upon-a-boot/traces/main/1771711047.gz', 'visStart=1771711047571467000&visEnd=1771711047571667000&ts=1771711047571567000')">+</button>NOTICE: BL1: Booting BL31
<button id="select_23" class="output" onclick="trace('select_23', '1771711047572432', `INFO: Entry point address = 0xe090000`, 'https://raw.githubusercontent.com/once-upon-a-boot/traces/main/1771711047.gz', 'visStart=1771711047572332000&visEnd=1771711047572532000&ts=1771711047572432000')">+</button>INFO: Entry point address = 0xe090000
<button id="select_24" class="output" onclick="trace('select_24', '1771711047572630', `INFO: SPSR = 0x3cd`, 'https://raw.githubusercontent.com/once-upon-a-boot/traces/main/1771711047.gz', 'visStart=1771711047572530000&visEnd=1771711047572730000&ts=1771711047572630000')">+</button>INFO: SPSR = 0x3cd
<button id="select_25" class="output" onclick="trace('select_25', '1771711047582574', `NOTICE: BL31: v2.13.0(debug):v2.13.0-2-g2a18af5`, 'https://raw.githubusercontent.com/once-upon-a-boot/traces/main/1771711047.gz', 'visStart=1771711047582474000&visEnd=1771711047582674000&ts=1771711047582574000')">+</button>NOTICE: BL31: v2.13.0(debug):v2.13.0-2-g2a18af5
<button id="select_26" class="output" onclick="trace('select_26', '1771711047582819', `NOTICE: BL31: Built : 17:54:31, Feb 19 2026`, 'https://raw.githubusercontent.com/once-upon-a-boot/traces/main/1771711047.gz', 'visStart=1771711047582719000&visEnd=1771711047582919000&ts=1771711047582819000')">+</button>NOTICE: BL31: Built : 17:54:31, Feb 19 2026
<button id="select_27" class="output" onclick="trace('select_27', '1771711047584247', `INFO: GICv3 without legacy support detected.`, 'https://raw.githubusercontent.com/once-upon-a-boot/traces/main/1771711047.gz', 'visStart=1771711047584147000&visEnd=1771711047584347000&ts=1771711047584247000')">+</button>INFO: GICv3 without legacy support detected.
<button id="select_28" class="output" onclick="trace('select_28', '1771711047584442', `INFO: ARM GICv3 driver initialized in EL3`, 'https://raw.githubusercontent.com/once-upon-a-boot/traces/main/1771711047.gz', 'visStart=1771711047584342000&visEnd=1771711047584542000&ts=1771711047584442000')">+</button>INFO: ARM GICv3 driver initialized in EL3
<button id="select_29" class="output" onclick="trace('select_29', '1771711047585116', `INFO: Maximum SPI INTID supported: 287`, 'https://raw.githubusercontent.com/once-upon-a-boot/traces/main/1771711047.gz', 'visStart=1771711047585016000&visEnd=1771711047585216000&ts=1771711047585116000')">+</button>INFO: Maximum SPI INTID supported: 287
<button id="select_30" class="output" onclick="trace('select_30', '1771711047588327', `INFO: BL31: Initializing runtime services`, 'https://raw.githubusercontent.com/once-upon-a-boot/traces/main/1771711047.gz', 'visStart=1771711047588227000&visEnd=1771711047588427000&ts=1771711047588327000')">+</button>INFO: BL31: Initializing runtime services
<button id="select_31" class="output" onclick="trace('select_31', '1771711047592407', `INFO: BL31: Preparing for EL3 exit to normal world`, 'https://raw.githubusercontent.com/once-upon-a-boot/traces/main/1771711047.gz', 'visStart=1771711047592307000&visEnd=1771711047592507000&ts=1771711047592407000')">+</button>INFO: BL31: Preparing for EL3 exit to normal world
<button id="select_32" class="output" onclick="trace('select_32', '1771711047592756', `INFO: Entry point address = 0x60000000`, 'https://raw.githubusercontent.com/once-upon-a-boot/traces/main/1771711047.gz', 'visStart=1771711047592656000&visEnd=1771711047592856000&ts=1771711047592756000')">+</button>INFO: Entry point address = 0x60000000
<button id="select_33" class="output" onclick="trace('select_33', '1771711047593028', `INFO: SPSR = 0x3c9`, 'https://raw.githubusercontent.com/once-upon-a-boot/traces/main/1771711047.gz', 'visStart=1771711047592928000&visEnd=1771711047593128000&ts=1771711047593028000')">+</button>INFO: SPSR = 0x3c9
<button id="select_34" class="output" onclick="trace('select_34', '1771711047603202', `Bloblist at 0 not found (err=-2)`, 'https://raw.githubusercontent.com/once-upon-a-boot/traces/main/1771711047.gz', 'visStart=1771711047603102000&visEnd=1771711047603302000&ts=1771711047603202000')">+</button>Bloblist at 0 not found (err=-2)
<button id="select_35" class="output" onclick="trace('select_35', '1771711047603762', `alloc space exhausted ptr 400 limit 0`, 'https://raw.githubusercontent.com/once-upon-a-boot/traces/main/1771711047.gz', 'visStart=1771711047603662000&visEnd=1771711047603862000&ts=1771711047603762000')">+</button>alloc space exhausted ptr 400 limit 0
<button id="select_36" class="output" onclick="trace('select_36', '1771711047606455', `Bloblist at 0 not found (err=-2)`, 'https://raw.githubusercontent.com/once-upon-a-boot/traces/main/1771711047.gz', 'visStart=1771711047606355000&visEnd=1771711047606555000&ts=1771711047606455000')">+</button>Bloblist at 0 not found (err=-2)
<button id="select_37" class="output" onclick="trace('select_37', '1771711047807021', ``, 'https://raw.githubusercontent.com/once-upon-a-boot/traces/main/1771711047.gz', 'visStart=1771711047806921000&visEnd=1771711047807121000&ts=1771711047807021000')">+</button>
<button id="select_38" class="output" onclick="trace('select_38', '1771711047807056', ``, 'https://raw.githubusercontent.com/once-upon-a-boot/traces/main/1771711047.gz', 'visStart=1771711047806956000&visEnd=1771711047807156000&ts=1771711047807056000')">+</button>
<button id="select_39" class="output" onclick="trace('select_39', '1771711047807109', `U-Boot 2025.04 (Feb 21 2026 - 21:42:33 +0000)`, 'https://raw.githubusercontent.com/once-upon-a-boot/traces/main/1771711047.gz', 'visStart=1771711047807009000&visEnd=1771711047807209000&ts=1771711047807109000')">+</button>U-Boot 2025.04 (Feb 21 2026 - 21:42:33 +0000)
<button id="select_40" class="output" onclick="trace('select_40', '1771711047807118', ``, 'https://raw.githubusercontent.com/once-upon-a-boot/traces/main/1771711047.gz', 'visStart=1771711047807018000&visEnd=1771711047807218000&ts=1771711047807118000')">+</button>
<button id="select_41" class="output" onclick="trace('select_41', '1771711047817298', `DRAM: 8 GiB`, 'https://raw.githubusercontent.com/once-upon-a-boot/traces/main/1771711047.gz', 'visStart=1771711047817198000&visEnd=1771711047817398000&ts=1771711047817298000')">+</button>DRAM: 8 GiB
<button id="select_42" class="output" onclick="trace('select_42', '1771711048676574', `Core: 51 devices, 14 uclasses, devicetree: board`, 'https://raw.githubusercontent.com/once-upon-a-boot/traces/main/1771711048.gz', 'visStart=1771711048676474000&visEnd=1771711048676674000&ts=1771711048676574000')">+</button>Core: 51 devices, 14 uclasses, devicetree: board
<button id="select_43" class="output" onclick="trace('select_43', '1771711048774386', `Flash: 32 MiB`, 'https://raw.githubusercontent.com/once-upon-a-boot/traces/main/1771711048.gz', 'visStart=1771711048774286000&visEnd=1771711048774486000&ts=1771711048774386000')">+</button>Flash: 32 MiB
<button id="select_44" class="output" onclick="trace('select_44', '1771711048822725', `Loading Environment from Flash... build.sh docs exec.log files.sh index.sh README.md traces.sh Warning - bad CRC, using default environment`, 'https://raw.githubusercontent.com/once-upon-a-boot/traces/main/1771711048.gz', 'visStart=1771711048822625000&visEnd=1771711048822825000&ts=1771711048822725000')">+</button>Loading Environment from Flash... build.sh docs exec.log files.sh index.sh README.md traces.sh Warning - bad CRC, using default environment
<button id="select_45" class="output" onclick="trace('select_45', '1771711048822762', ``, 'https://raw.githubusercontent.com/once-upon-a-boot/traces/main/1771711048.gz', 'visStart=1771711048822662000&visEnd=1771711048822862000&ts=1771711048822762000')">+</button>
<button id="select_46" class="output" onclick="trace('select_46', '1771711048964025', `In: serial,usbkbd`, 'https://raw.githubusercontent.com/once-upon-a-boot/traces/main/1771711048.gz', 'visStart=1771711048963925000&visEnd=1771711048964125000&ts=1771711048964025000')">+</button>In: serial,usbkbd
<button id="select_47" class="output" onclick="trace('select_47', '1771711048964204', `Out: serial,vidconsole`, 'https://raw.githubusercontent.com/once-upon-a-boot/traces/main/1771711048.gz', 'visStart=1771711048964104000&visEnd=1771711048964304000&ts=1771711048964204000')">+</button>Out: serial,vidconsole
<button id="select_48" class="output" onclick="trace('select_48', '1771711048964397', `Err: serial,vidconsole`, 'https://raw.githubusercontent.com/once-upon-a-boot/traces/main/1771711048.gz', 'visStart=1771711048964297000&visEnd=1771711048964497000&ts=1771711048964397000')">+</button>Err: serial,vidconsole
<button id="select_49" class="output" onclick="trace('select_49', '1771711049267435', `No USB controllers found`, 'https://raw.githubusercontent.com/once-upon-a-boot/traces/main/1771711049.gz', 'visStart=1771711049267335000&visEnd=1771711049267535000&ts=1771711049267435000')">+</button>No USB controllers found
<button id="select_50" class="output" onclick="trace('select_50', '1771711049281074', `Net: eth0: virtio-net#32`, 'https://raw.githubusercontent.com/once-upon-a-boot/traces/main/1771711049.gz', 'visStart=1771711049280974000&visEnd=1771711049281174000&ts=1771711049281074000')">+</button>Net: eth0: virtio-net#32
<button id="select_51" class="output" onclick="trace('select_51', '1771711049291334', `[?25h`, 'https://raw.githubusercontent.com/once-upon-a-boot/traces/main/1771711049.gz', 'visStart=1771711049291234000&visEnd=1771711049291434000&ts=1771711049291334000')">+</button>[?25h
<button id="select_52" class="output" onclick="trace('select_52', '1771711049297844', `starting USB...`, 'https://raw.githubusercontent.com/once-upon-a-boot/traces/main/1771711049.gz', 'visStart=1771711049297744000&visEnd=1771711049297944000&ts=1771711049297844000')">+</button>starting USB...
<button id="select_53" class="output" onclick="trace('select_53', '1771711049298029', `No USB controllers found`, 'https://raw.githubusercontent.com/once-upon-a-boot/traces/main/1771711049.gz', 'visStart=1771711049297929000&visEnd=1771711049298129000&ts=1771711049298029000')">+</button>No USB controllers found
<button id="select_54" class="output" onclick="trace('select_54', '1771711050345238', `Hit any key to stop autoboot: 1  0 `, 'https://raw.githubusercontent.com/once-upon-a-boot/traces/main/1771711050.gz', 'visStart=1771711050345138000&visEnd=1771711050345338000&ts=1771711050345238000')">+</button>Hit any key to stop autoboot: 1  0 
<button id="select_55" class="output" onclick="trace('select_55', '1771711050346848', `Scanning for bootflows in all bootdevs`, 'https://raw.githubusercontent.com/once-upon-a-boot/traces/main/1771711050.gz', 'visStart=1771711050346748000&visEnd=1771711050346948000&ts=1771711050346848000')">+</button>Scanning for bootflows in all bootdevs
<button id="select_56" class="output" onclick="trace('select_56', '1771711050347239', `Seq Method State Uclass Part Name Filename`, 'https://raw.githubusercontent.com/once-upon-a-boot/traces/main/1771711050.gz', 'visStart=1771711050347139000&visEnd=1771711050347339000&ts=1771711050347239000')">+</button>Seq Method State Uclass Part Name Filename
<button id="select_57" class="output" onclick="trace('select_57', '1771711050347655', `--- ----------- ------ -------- ---- ------------------------ ----------------`, 'https://raw.githubusercontent.com/once-upon-a-boot/traces/main/1771711050.gz', 'visStart=1771711050347555000&visEnd=1771711050347755000&ts=1771711050347655000')">+</button>--- ----------- ------ -------- ---- ------------------------ ----------------
<button id="select_58" class="output" onclick="trace('select_58', '1771711050350604', `Scanning global bootmeth 'efi_mgr':`, 'https://raw.githubusercontent.com/once-upon-a-boot/traces/main/1771711050.gz', 'visStart=1771711050350504000&visEnd=1771711050350704000&ts=1771711050350604000')">+</button>Scanning global bootmeth 'efi_mgr':
<button id="select_59" class="output" onclick="trace('select_59', '1771711050480841', `7[r[999;999H[6n8Cannot persist EFI variables without system partition`, 'https://raw.githubusercontent.com/once-upon-a-boot/traces/main/1771711050.gz', 'visStart=1771711050480741000&visEnd=1771711050480941000&ts=1771711050480841000')">+</button>7[r[999;999H[6n8Cannot persist EFI variables without system partition
<button id="select_60" class="output" onclick="trace('select_60', '1771711050492513', `Missing TPMv2 device for EFI_TCG_PROTOCOL`, 'https://raw.githubusercontent.com/once-upon-a-boot/traces/main/1771711050.gz', 'visStart=1771711050492413000&visEnd=1771711050492613000&ts=1771711050492513000')">+</button>Missing TPMv2 device for EFI_TCG_PROTOCOL
<button id="select_61" class="output" onclick="trace('select_61', '1771711050493385', `Missing RNG device for EFI_RNG_PROTOCOL`, 'https://raw.githubusercontent.com/once-upon-a-boot/traces/main/1771711050.gz', 'visStart=1771711050493285000&visEnd=1771711050493485000&ts=1771711050493385000')">+</button>Missing RNG device for EFI_RNG_PROTOCOL
<button id="select_62" class="output" onclick="trace('select_62', '1771711050501408', `0 efi_mgr ready (none) 0 <NULL> `, 'https://raw.githubusercontent.com/once-upon-a-boot/traces/main/1771711050.gz', 'visStart=1771711050501308000&visEnd=1771711050501508000&ts=1771711050501408000')">+</button>0 efi_mgr ready (none) 0 <NULL> 
<button id="select_63" class="output" onclick="trace('select_63', '1771711050501822', `build.sh docs exec.log files.sh index.sh README.md traces.sh Booting bootflow '<NULL>' with efi_mgr`, 'https://raw.githubusercontent.com/once-upon-a-boot/traces/main/1771711050.gz', 'visStart=1771711050501722000&visEnd=1771711050501922000&ts=1771711050501822000')">+</button>build.sh docs exec.log files.sh index.sh README.md traces.sh Booting bootflow '<NULL>' with efi_mgr
<button id="select_64" class="output" onclick="trace('select_64', '1771711050520221', `Loading Boot0000 'virtio 0' failed`, 'https://raw.githubusercontent.com/once-upon-a-boot/traces/main/1771711050.gz', 'visStart=1771711050520121000&visEnd=1771711050520321000&ts=1771711050520221000')">+</button>Loading Boot0000 'virtio 0' failed
<button id="select_65" class="output" onclick="trace('select_65', '1771711050520693', `EFI boot manager: Cannot load any image`, 'https://raw.githubusercontent.com/once-upon-a-boot/traces/main/1771711050.gz', 'visStart=1771711050520593000&visEnd=1771711050520793000&ts=1771711050520693000')">+</button>EFI boot manager: Cannot load any image
<button id="select_66" class="output" onclick="trace('select_66', '1771711050521119', `Boot failed (err=-14)`, 'https://raw.githubusercontent.com/once-upon-a-boot/traces/main/1771711050.gz', 'visStart=1771711050521019000&visEnd=1771711050521219000&ts=1771711050521119000')">+</button>Boot failed (err=-14)
<button id="select_67" class="output" onclick="trace('select_67', '1771711050529752', `Scanning bootdev 'fw-cfg@9020000.bootdev':`, 'https://raw.githubusercontent.com/once-upon-a-boot/traces/main/1771711050.gz', 'visStart=1771711050529652000&visEnd=1771711050529852000&ts=1771711050529752000')">+</button>Scanning bootdev 'fw-cfg@9020000.bootdev':
<button id="select_68" class="output" onclick="trace('select_68', '1771711050544892', `warning: no initrd available`, 'https://raw.githubusercontent.com/once-upon-a-boot/traces/main/1771711050.gz', 'visStart=1771711050544792000&visEnd=1771711050544992000&ts=1771711050544892000')">+</button>warning: no initrd available
<button id="select_69" class="output" onclick="trace('select_69', '1771711050548413', `loading kernel to address 40400000 size 26c3a00`, 'https://raw.githubusercontent.com/once-upon-a-boot/traces/main/1771711050.gz', 'visStart=1771711050548313000&visEnd=1771711050548513000&ts=1771711050548413000')">+</button>loading kernel to address 40400000 size 26c3a00
<button id="select_70" class="output" onclick="trace('select_70', '1771711050549082', `1 qfw ready qfw 0 qfw `, 'https://raw.githubusercontent.com/once-upon-a-boot/traces/main/1771711050.gz', 'visStart=1771711050548982000&visEnd=1771711050549182000&ts=1771711050549082000')">+</button>1 qfw ready qfw 0 qfw 
<button id="select_71" class="output" onclick="trace('select_71', '1771711050549293', `build.sh docs exec.log files.sh index.sh README.md traces.sh Booting bootflow 'qfw' with qfw`, 'https://raw.githubusercontent.com/once-upon-a-boot/traces/main/1771711050.gz', 'visStart=1771711050549193000&visEnd=1771711050549393000&ts=1771711050549293000')">+</button>build.sh docs exec.log files.sh index.sh README.md traces.sh Booting bootflow 'qfw' with qfw
<button id="select_72" class="output" onclick="trace('select_72', '1771711050569427', `## Flattened Device Tree blob at 23e64cb90`, 'https://raw.githubusercontent.com/once-upon-a-boot/traces/main/1771711050.gz', 'visStart=1771711050569327000&visEnd=1771711050569527000&ts=1771711050569427000')">+</button>## Flattened Device Tree blob at 23e64cb90
<button id="select_73" class="output" onclick="trace('select_73', '1771711050570290', `Booting using the fdt blob at 0x23e64cb90`, 'https://raw.githubusercontent.com/once-upon-a-boot/traces/main/1771711050.gz', 'visStart=1771711050570190000&visEnd=1771711050570390000&ts=1771711050570290000')">+</button>Booting using the fdt blob at 0x23e64cb90
<button id="select_74" class="output" onclick="trace('select_74', '1771711050570951', `Working FDT set to 23e64cb90`, 'https://raw.githubusercontent.com/once-upon-a-boot/traces/main/1771711050.gz', 'visStart=1771711050570851000&visEnd=1771711050571051000&ts=1771711050570951000')">+</button>Working FDT set to 23e64cb90
<button id="select_75" class="output" onclick="trace('select_75', '1771711051137270', `Loading Ramdisk to fd93c000, end fffffa00 ... OK`, 'https://raw.githubusercontent.com/once-upon-a-boot/traces/main/1771711051.gz', 'visStart=1771711051137170000&visEnd=1771711051137370000&ts=1771711051137270000')">+</button>Loading Ramdisk to fd93c000, end fffffa00 ... OK
<button id="select_76" class="output" onclick="trace('select_76', '1771711051153134', `Loading Device Tree to 00000000fd936000, end 00000000fd93b249 ... OK`, 'https://raw.githubusercontent.com/once-upon-a-boot/traces/main/1771711051.gz', 'visStart=1771711051153034000&visEnd=1771711051153234000&ts=1771711051153134000')">+</button>Loading Device Tree to 00000000fd936000, end 00000000fd93b249 ... OK
<button id="select_77" class="output" onclick="trace('select_77', '1771711051153337', `Working FDT set to fd936000`, 'https://raw.githubusercontent.com/once-upon-a-boot/traces/main/1771711051.gz', 'visStart=1771711051153237000&visEnd=1771711051153437000&ts=1771711051153337000')">+</button>Working FDT set to fd936000
<button id="select_78" class="output" onclick="trace('select_78', '1771711051221019', ``, 'https://raw.githubusercontent.com/once-upon-a-boot/traces/main/1771711051.gz', 'visStart=1771711051220919000&visEnd=1771711051221119000&ts=1771711051221019000')">+</button>
<button id="select_79" class="output" onclick="trace('select_79', '1771711051221037', `Starting kernel ...`, 'https://raw.githubusercontent.com/once-upon-a-boot/traces/main/1771711051.gz', 'visStart=1771711051220937000&visEnd=1771711051221137000&ts=1771711051221037000')">+</button>Starting kernel ...
<button id="select_80" class="output" onclick="trace('select_80', '1771711051221042', ``, 'https://raw.githubusercontent.com/once-upon-a-boot/traces/main/1771711051.gz', 'visStart=1771711051220942000&visEnd=1771711051221142000&ts=1771711051221042000')">+</button>
<button id="select_81" class="output" onclick="trace('select_81', '1771711056796536', `[ 0.000000] Booting Linux on physical CPU 0x0000000000 [0x000f0510]`, 'https://raw.githubusercontent.com/once-upon-a-boot/traces/main/1771711056.gz', 'visStart=1771711056796436000&visEnd=1771711056796636000&ts=1771711056796536000')">+</button>[ 0.000000] Booting Linux on physical CPU 0x0000000000 [0x000f0510]
<button id="select_82" class="output" onclick="trace('select_82', '1771711056799378', `[ 0.000000] Linux version 6.17.0-00001-g2770d5f106b0 (root@pc) (aarch64-linux-gnu-gcc (Debian 14.2.0-19) 14.2.0, GNU ld (GNU Binutils for Debian) 2.44) #1 SMP PREEMPT Thu Feb 19 17:53:54 UTC 2026`, 'https://raw.githubusercontent.com/once-upon-a-boot/traces/main/1771711056.gz', 'visStart=1771711056799278000&visEnd=1771711056799478000&ts=1771711056799378000')">+</button>[ 0.000000] Linux version 6.17.0-00001-g2770d5f106b0 (root@pc) (aarch64-linux-gnu-gcc (Debian 14.2.0-19) 14.2.0, GNU ld (GNU Binutils for Debian) 2.44) #1 SMP PREEMPT Thu Feb 19 17:53:54 UTC 2026
<button id="select_83" class="output" onclick="trace('select_83', '1771711056799944', `[ 0.000000] KASLR disabled on command line`, 'https://raw.githubusercontent.com/once-upon-a-boot/traces/main/1771711056.gz', 'visStart=1771711056799844000&visEnd=1771711056800044000&ts=1771711056799944000')">+</button>[ 0.000000] KASLR disabled on command line
<button id="select_84" class="output" onclick="trace('select_84', '1771711056800419', `[ 0.000000] random: crng init done`, 'https://raw.githubusercontent.com/once-upon-a-boot/traces/main/1771711056.gz', 'visStart=1771711056800319000&visEnd=1771711056800519000&ts=1771711056800419000')">+</button>[ 0.000000] random: crng init done
<button id="select_85" class="output" onclick="trace('select_85', '1771711056801003', `[ 0.000000] Machine model: linux,dummy-virt`, 'https://raw.githubusercontent.com/once-upon-a-boot/traces/main/1771711056.gz', 'visStart=1771711056800903000&visEnd=1771711056801103000&ts=1771711056801003000')">+</button>[ 0.000000] Machine model: linux,dummy-virt
