<body>
    <a href="perfetto/#!/?url=https://once-upon-a-boot.github.io/trace.gz">trace</a>
    <a href="perfetto/#!/?url=https://github.com/once-upon-a-boot/once-upon-a-boot.github.io/raw/refs/heads/main/docs/trace.gz">trace from static</a>

<pre>
1771479044.162341 + '[' -v INIT ']'
1771479044.162379 + INIT=/host/host.sh
1771479044.162386 ++ pwd
1771479044.162390 + /home/user/.work/qemu/build/qemu-system-aarch64 -plugin /home/user/.work/qemu/build/..//build/contrib/plugins/libuftrace.so,trace-privilege-level=on -nodefaults -display none -serial mon:stdio -serial file:/dev/stdout -netdev user,id=vnet -device virtio-net-pci,netdev=vnet -M virt,secure=on,virtualization=on,gic-version=3,iommu=smmuv3,mte=on -cpu max -smp 1 -m 8G -bios ./out/flash.bin -kernel ./out/Image.gz -drive format=raw,file=./out/host.ext4,if=virtio -append 'nokaslr root=/dev/vda rw init=/init -- /host/host.sh' -virtfs local,path=/home/user/.work/qemu-linux-stack/,mount_tag=host,security_model=mapped,readonly=off
1771479044.381233 NOTICE:  Booting Trusted Firmware
1771479044.381902 NOTICE:  BL1: v2.14.0(debug):sandbox/v2.14
1771479044.382135 NOTICE:  BL1: Built : 07:58:56, Feb 17 2026
1771479044.383120 INFO:    BL1: RAM 0xe0ee000 - 0xe0f6000
1771479044.385154 INFO:    BL1: Loading BL2
1771479044.390140 INFO:    Loading image id=1 at address 0xe05b000
1771479044.397670 INFO:    Image id=1 loaded: 0xe05b000 - 0xe064b6c
1771479044.398924 NOTICE:  BL1: Booting BL2
1771479044.401261 INFO:    Entry point address = 0xe05b000
1771479044.401528 INFO:    SPSR = 0x3c5
1771479044.415674 NOTICE:  BL2: v2.14.0(debug):sandbox/v2.14
1771479044.416014 NOTICE:  BL2: Built : 07:58:58, Feb 17 2026
1771479044.417879 INFO:    BL2: Doing platform setup
1771479044.808304 INFO:    BL2: Loading image id 3
1771479044.812641 INFO:    Loading image id=3 at address 0xe090000
1771479044.833312 INFO:    Image id=3 loaded: 0xe090000 - 0xe0a40d7
1771479044.834787 INFO:    BL2: Loading image id 4
1771479044.835325 INFO:    Loading image id=4 at address 0xe100000
1771479044.887178 INFO:    Image id=4 loaded: 0xe100000 - 0xe1344e8
1771479044.887876 INFO:    Handoff to BL32
1771479044.888087 INFO:    Using default arguments
1771479044.888340 INFO:    BL2: Skip loading image id 21
1771479044.888562 INFO:    BL2: Skip loading image id 22
1771479044.888761 INFO:    BL2: Loading image id 26
1771479044.889392 INFO:    Loading image id=26 at address 0xe002000
1771479044.889997 INFO:    Image id=26 loaded: 0xe002000 - 0xe00242d
1771479044.890283 INFO:    BL2: Loading image id 24
1771479044.890873 INFO:    Loading image id=24 at address 0xe001000
1771479044.891261 INFO:    Image id=24 loaded: 0xe001000 - 0xe0010e9
1771479044.895545 INFO:    BL2: Loading image id 41
1771479044.896229 INFO:    Loading image id=41 at address 0xe300000
1771479045.097326 INFO:    Image id=41 loaded: 0xe300000 - 0xe3ca170
1771479045.099278 INFO:    BL2: Skip loading image id 42
1771479045.099505 INFO:    BL2: Skip loading image id 43
1771479045.099722 INFO:    BL2: Skip loading image id 44
1771479045.099942 INFO:    BL2: Skip loading image id 45
1771479045.100163 INFO:    BL2: Skip loading image id 46
1771479045.100387 INFO:    BL2: Skip loading image id 47
1771479045.100612 INFO:    BL2: Skip loading image id 48
1771479045.100796 INFO:    BL2: Loading image id 5
1771479045.101343 INFO:    Loading image id=5 at address 0x60000000
1771479045.498209 INFO:    Image id=5 loaded: 0x60000000 - 0x6019dd10
1771479045.504575 NOTICE:  BL1: Booting BL31
1771479045.505556 INFO:    Entry point address = 0xe090000
1771479045.505788 INFO:    SPSR = 0x3cd
1771479045.518402 NOTICE:  BL31: v2.14.0(debug):sandbox/v2.14
1771479045.518677 NOTICE:  BL31: Built : 07:58:58, Feb 17 2026
1771479045.520284 INFO:    GICv3 without legacy support detected.
1771479045.520524 INFO:    ARM GICv3 driver initialized in EL3
1771479045.521242 INFO:    Maximum SPI INTID supported: 287
1771479045.524743 INFO:    BL31: Initializing runtime services
1771479045.544023 INFO:    SPM Core setup done.
1771479045.545408 INFO:    BL31: Initializing BL32
1771479045.596294 INFO: Initializing Hafnium (SPMC)
1771479045.598484 INFO: text: 0xe100000 - 0xe12c000
1771479045.598510 INFO: rodata: 0xe12c000 - 0xe134000
1771479045.598897 INFO: data: 0xe134000 - 0xe218000
1771479045.598918 INFO: stacks: 0xe220000 - 0xe230000
1771479045.600238 INFO: Supported bits in physical address: 48
1771479045.600593 INFO: Stage 2 has 5 page table levels with 1 pages at the root.
1771479045.600792 INFO: Stage 1 has 5 page table levels with 1 pages at the root.
1771479045.635867 INFO: Memory range:  0xe000000 - 0xeffffff
1771479045.679027 INFO: Unable to find '/interrupt-controller. Using default configuration.'
1771479045.687310 INFO: Loading VM id 0x8001: op-tee.
1771479045.691816 INFO: Loaded with 4 vCPUs, entry at 0xe300000.
1771479045.697476 INFO: Hafnium initialisation completed
1771479045.720940 D/TC:0   get_fdt_from_boot_info:1312 Boot info descriptor name "                "
1771479045.737097 D/TC:0   core_mmu_set_secure_memory:182 Physical secure memory base 0xe300000 size 0xd00000
1771479045.740160 D/TC:0   get_aslr_seed:1251 No fdt
1771479045.740867 D/TC:0   plat_get_aslr_seed:121 Warning: no ASLR seed
1771479045.743748 D/TC:0   add_phys_mem:776 ram_start type SEC_RAM_OVERALL 0x0e300000 size 0x00004000
1771479045.745816 D/TC:0   collect_mem_ranges:1126 tee_ram_initial_offs 0x4000
1771479045.746821 D/TC:0   add_phys_mem:776 VCORE_UNPG_RX_PA type TEE_RAM_RX 0x0e304000 size 0x000c1000
1771479045.748603 D/TC:0   add_phys_mem:776 VCORE_UNPG_RW_PA type TEE_RAM_RW 0x0e3c5000 size 0x0004c000
1771479045.749797 D/TC:0   add_phys_mem:776 VCORE_UNPG_RW_PA type SEC_RAM_OVERALL 0x0e3c5000 size 0x0004c000
1771479045.750998 D/TC:0   add_phys_mem:776 VCORE_FREE_PA type TEE_RAM_RW 0x0e411000 size 0x000f3000
1771479045.752290 D/TC:0   merge_mmaps:729 Merging 0xe3c5000..0xe410fff and 0xe411000..0xe503fff
1771479045.753825 D/TC:0   add_phys_mem:776 VCORE_FREE_PA type SEC_RAM_OVERALL 0x0e411000 size 0x000f3000
1771479045.754731 D/TC:0   merge_mmaps:729 Merging 0xe3c5000..0xe410fff and 0xe411000..0xe503fff
1771479045.755831 D/TC:0   add_phys_mem:776 next_pa type SEC_RAM_OVERALL 0x0e504000 size 0x00afc000
1771479045.756766 D/TC:0   merge_mmaps:729 Merging 0xe3c5000..0xe503fff and 0xe504000..0xeffffff
1771479045.762194 D/TC:0   add_phys_mem:776 uart1 type IO_SEC 0x09040000 size 0x00001000
1771479045.764278 D/TC:0   add_phys_mem:776 CONSOLE_UART_BASE type IO_SEC 0x09000000 size 0x00200000
1771479045.765281 D/TC:0   merge_mmaps:729 Merging 0x9040000..0x9040fff and 0x9000000..0x91fffff
1771479045.766180 D/TC:0   add_va_space:820 type RES_VASPACE size 0x00a00000
1771479045.767302 D/TC:0   add_va_space:820 type SHM_VASPACE size 0x02000000
1771479045.768099 D/TC:0   add_va_space:820 type TEE_DYN_VASPACE size 0x00100000
1771479045.777123 D/TC:0   dump_mmap_table:946 type TEE_RAM_RX   va 0x0e304000..0x0e3c4fff pa 0x0e304000..0x0e3c4fff size 0x000c1000 (smallpg)
1771479045.778515 D/TC:0   dump_mmap_table:946 type TEE_RAM_RW   va 0x0e3c5000..0x0e503fff pa 0x0e3c5000..0x0e503fff size 0x0013f000 (smallpg)
1771479045.779914 D/TC:0   dump_mmap_table:946 type RES_VASPACE  va 0x0e600000..0x0effffff pa 0x00000000..0x009fffff size 0x00a00000 (pgdir)
1771479045.781255 D/TC:0   dump_mmap_table:946 type TEE_DYN_VASPACE va 0x0f000000..0x0f0fffff pa 0x00000000..0x000fffff size 0x00100000 (pgdir)
1771479045.782616 D/TC:0   dump_mmap_table:946 type SHM_VASPACE  va 0x0f200000..0x111fffff pa 0x00000000..0x01ffffff size 0x02000000 (pgdir)
1771479045.784028 D/TC:0   dump_mmap_table:946 type IO_SEC       va 0x11200000..0x113fffff pa 0x09000000..0x091fffff size 0x00200000 (pgdir)
1771479045.785562 D/TC:0   dump_mmap_table:946 type SEC_RAM_OVERALL va 0x11400000..0x11403fff pa 0x0e300000..0x0e303fff size 0x00004000 (pgdir)
1771479045.787163 D/TC:0   dump_mmap_table:946 type SEC_RAM_OVERALL va 0x117c5000..0x123fffff pa 0x0e3c5000..0x0effffff size 0x00c3b000 (pgdir)
1771479045.790696 D/TC:0   add_padding:96 0xe411040 len 0xfc0
1771479045.794559 D/TC:0   core_mmu_xlat_table_alloc:699 xlat tables used 1
1771479045.798756 D/TC:0   core_mmu_xlat_table_alloc:699 xlat tables used 2
1771479045.860535 D/TC:0   core_mmu_xlat_table_alloc:699 xlat tables used 3
1771479045.922729 D/TC:0   core_mmu_xlat_table_alloc:699 xlat tables used 4
1771479045.972804 D/TC:0   core_mmu_xlat_table_alloc:699 xlat tables used 5
1771479045.974528 D/TC:0   core_mmu_xlat_table_alloc:699 xlat tables used 6
1771479045.998472 D/TC:0   mmap_clear_memtag:366 Clearing tags for VA 0x11400000..0x11403fff
1771479046.001882 D/TC:0   mmap_clear_memtag:366 Clearing tags for VA 0x117c5000..0x123fffff
1771479046.366215 I/TC: 
1771479046.372603 D/TC:0   carve_out_core_mem:2776 0xe304000 .. 0xe504000
1771479046.377358 D/TC:0   boot_mem_foreach_padding:268 consumed 0xe411040 0xe411040 len 0xfc0
1771479046.379457 D/TC:0   boot_mem_release_unused:294 Allocated 36960 bytes at va 0xe411000 pa 0xe411000
1771479046.380955 D/TC:0   boot_mem_release_unused:298 Tempalloc 33864 bytes at va 0xe4fbbb8
1771479046.384532 D/TC:0   boot_mem_release_unused:320 Carving out 0xe304000..0xe41a05f
1771479046.386722 D/TC:0   boot_mem_release_unused:329 Releasing 921504 bytes from va 0xe41b000
1771479046.442302 I/TC: No non-secure external DT
1771479046.469289 I/TC: manifest DT found
1771479046.489402 D/TC:0   discover_nsec_memory:151 No non-secure memory found in manifest DT
1771479046.490232 I/TC: Embedded DTB found
1771479046.546943 D/TC:0   discover_nsec_memory:175 No non-secure memory found in embedded DT
1771479046.560942 D/TC:0   get_console_node_from_dt:105 No console directive from DTB
1771479046.575405 I/TC: OP-TEE version: 4.9.0 (gcc version 14.2.0 (Debian 14.2.0-19)) #1 Wed Feb 18 21:07:49 UTC 2026 aarch64
1771479046.576515 I/TC: WARNING: This OP-TEE configuration might be insecure!
1771479046.578295 I/TC: WARNING: Please check https://optee.readthedocs.io/en/latest/architecture/porting_guidelines.html
1771479046.578971 I/TC: Primary CPU initializing
1771479046.581866 D/TC:0 0 boot_init_primary_runtime:1052 Executing at offset 0 with virtual load address 0xe304000
1771479046.583330 D/TC:0 0 boot_init_primary_runtime:1060 Memory tagging enabled
1771479046.586012 D/TC:0 0 do_init_calls:19 preinitcall level 2 mapped_shm_init()
1771479046.589056 D/TC:0 0 mapped_shm_init:936 Shared memory address range: 0xf200000, 0x11200000
1771479046.590882 D/TC:0 0 do_init_calls:19 early_initcall level 2 probe_dt_drivers_early()
1771479046.600483 D/TC:0 0 add_node_to_probe:705 element: dt-test-consumer on node dt-test-consumer
1771479046.606111 D/TC:0 0 add_node_to_probe:705 element: simple-bus on node dt-test-bus-b0
1771479046.613567 D/TC:0 0 add_node_to_probe:705 element: dt-test-crypt-consumer on node dt-test-crypt-consumer
1771479046.618225 D/TC:0 0 probe_driver_node:513 element: dt-test-crypt-consumer on node dt-test-crypt-consumer deferred 1 time(s)
1771479046.623512 D/TC:0 0 add_node_to_probe:705 element: simple-bus on node dt-test-bus-b1
1771479046.627855 D/TC:0 0 probe_driver_node:507 element: simple-bus on node dt-test-bus-b0 initialized
1771479046.632720 D/TC:0 0 probe_driver_node:513 element: dt-test-consumer on node dt-test-consumer deferred 1 time(s)
1771479046.635784 D/TC:0 0 probe_driver_node:513 element: dt-test-consumer on node dt-test-consumer deferred 2 time(s)
1771479046.640494 D/TC:0 0 add_node_to_probe:705 element: simple-bus on node dt-test-bus-b2
1771479046.644310 D/TC:0 0 probe_driver_node:507 element: simple-bus on node dt-test-bus-b1 initialized
1771479046.646969 D/TC:0 0 probe_driver_node:513 element: dt-test-crypt-consumer on node dt-test-crypt-consumer deferred 2 time(s)
1771479046.649622 D/TC:0 0 probe_driver_node:513 element: dt-test-crypt-consumer on node dt-test-crypt-consumer deferred 3 time(s)
1771479046.655290 D/TC:0 0 add_node_to_probe:705 element: simple-bus on node dt-test-bus-b3
1771479046.658473 D/TC:0 0 probe_driver_node:507 element: simple-bus on node dt-test-bus-b2 initialized
1771479046.661477 D/TC:0 0 probe_driver_node:513 element: dt-test-consumer on node dt-test-consumer deferred 3 time(s)
1771479046.664399 D/TC:0 0 probe_driver_node:513 element: dt-test-consumer on node dt-test-consumer deferred 4 time(s)
1771479046.671576 D/TC:0 0 add_node_to_probe:705 element: dt_test_clock_provider on node dt-test-provider@0
1771479046.674010 D/TC:0 0 add_node_to_probe:705 element: dt_test_rstctrl_provider on node dt-test-provider@0
1771479046.676317 D/TC:0 0 add_node_to_probe:705 element: dt_test_gpio_provider on node dt-test-provider@0
1771479046.678830 D/TC:0 0 probe_driver_node:507 element: simple-bus on node dt-test-bus-b3 initialized
1771479046.681523 D/TC:0 0 probe_driver_node:513 element: dt-test-crypt-consumer on node dt-test-crypt-consumer deferred 4 time(s)
1771479046.684226 D/TC:0 0 probe_driver_node:513 element: dt-test-crypt-consumer on node dt-test-crypt-consumer deferred 5 time(s)
1771479046.691370 D/TC:0 0 probe_driver_node:507 element: dt_test_gpio_provider on node dt-test-provider@0 initialized
1771479046.696941 D/TC:0 0 probe_driver_node:507 element: dt_test_rstctrl_provider on node dt-test-provider@0 initialized
1771479046.699902 D/TC:0 0 clk_register:127 Registered clock dt_test-clk3, freq 0
1771479046.701377 D/TC:0 0 clk_register:127 Registered clock dt_test-clk7, freq 0
1771479046.705937 D/TC:0 0 probe_driver_node:507 element: dt_test_clock_provider on node dt-test-provider@0 initialized
1771479046.736756 D/TC:0 0 probe_driver_node:507 element: dt-test-consumer on node dt-test-consumer initialized
1771479046.739221 D/TC:0 0 probe_driver_node:513 element: dt-test-crypt-consumer on node dt-test-crypt-consumer deferred 6 time(s)
1771479046.740958 D/TC:0 0 process_probe_list:654 Unresolved dependencies after 6 rounds, 6 deferred
1771479046.742377 D/TC:0 0 probe_dt_drivers_early:840 Deferred drivers probing
1771479046.743776 D/TC:0 0 print_probe_list:461 Probe list: 1 elements
1771479046.746251 D/TC:0 0 print_probe_list:463 |- Driver dt-test-crypt-consumer probes on node dt-test-crypt-consumer
1771479046.747412 D/TC:0 0 print_probe_list:467 `- Probe list end
1771479046.748703 D/TC:0 0 print_probe_list:473 Failed list: 0 elements
1771479046.749893 D/TC:0 0 print_probe_list:478 `- Failed list end
1771479046.751497 D/TC:0 0 do_init_calls:19 service_initcall level 1 tee_cryp_init()
1771479046.787657 D/TC:0 0 do_init_calls:19 service_initcall level 2 spmc_init()
1771479046.793426 D/TC:0 0 spmc_init:2818 SPMC reported version 1.3
1771479046.794615 D/TC:0 0 spmc_init:2828 Using version 1.2
1771479046.805573 D/TC:0 0 spmc_init:2835 SPMC ID 0x8000
1771479046.807103 D/TC:0 0 spmc_init:2838 OP-TEE endpoint ID 0x8001
1771479046.809434 D/TC:0 0 spmc_init:2843 Asynchronous notifications are ready
1771479046.810772 D/TC:0 0 do_init_calls:19 service_initcall level 2 check_ta_store()
1771479046.812136 D/TC:0 0 check_ta_store:460 TA store: "Secure Storage TA"
1771479046.813148 D/TC:0 0 check_ta_store:460 TA store: "REE"
1771479046.814808 D/TC:0 0 do_init_calls:19 service_initcall level 2 verify_pseudo_tas_conformance()
1771479046.816889 D/TC:0 0 do_init_calls:19 service_initcall level 3 tee_fs_init_key_manager()
1771479046.837895 D/TC:0 0 boot_mem_release_tmp_alloc:370 Releasing 36864 bytes from va 0xe4fb000
1771479046.843204 D/TC:0 0 do_init_calls:19 driver_initcall level 1 init_console_itr()
1771479046.849854 D/TC:0 0 do_init_calls:19 driver_initcall level 1 probe_dt_drivers()
1771479046.854711 D/TC:0 0 probe_driver_node:507 element: dt-test-crypt-consumer on node dt-test-crypt-consumer initialized
1771479046.856535 D/TC:0 0 do_init_calls:19 driver_initcall level 2 init_multi_core_halt_handler()
1771479046.857953 D/TC:0 0 do_init_calls:19 driver_initcall level 2 mobj_init()
1771479046.861245 D/TC:0 0 do_init_calls:19 driver_initcall level 2 default_mobj_init()
1771479046.862761 D/TC:0 0 do_init_calls:19 driver_initcall level 2 ftmn_boot_tests()
1771479046.863956 D/TC:0 0 ftmn_boot_tests:198 Calling simple_call()
1771479046.871884 D/TC:0 0 ftmn_boot_tests:198 Return from simple_call()
1771479046.873046 D/TC:0 0 ftmn_boot_tests:199 Calling two_level_call()
1771479046.880516 D/TC:0 0 ftmn_boot_tests:199 Return from two_level_call()
1771479046.881636 D/TC:0 0 ftmn_boot_tests:200 Calling chained_calls()
1771479046.889769 D/TC:0 0 ftmn_boot_tests:200 Return from chained_calls()
1771479046.891370 D/TC:0 0 ftmn_boot_tests:202 *************************************************
1771479046.893012 D/TC:0 0 ftmn_boot_tests:203 **************  Tests complete  *****************
1771479046.894705 D/TC:0 0 ftmn_boot_tests:204 *************************************************
1771479046.896390 D/TC:0 0 do_init_calls:19 driver_initcall level 3 release_node_cache_info()
1771479046.898913 D/TC:0 0 do_init_calls:19 driver_initcall level 3 release_probe_lists()
1771479046.902511 D/TC:0 0 do_init_calls:19 driver_initcall level 3 dt_test_release()
1771479046.905013 D/TC:0 0 do_init_calls:19 finalcall level 8 release_external_dt()
1771479046.906579 D/TC:0 0 do_init_calls:19 finalcall level 8 release_manifest_dt()
1771479046.910628 I/TC: Primary CPU switching to normal world boot
1771479046.922151 NOTICE: Finished bootstrapping all SPs on CPU0
1771479046.930605 INFO:    BL31: Preparing for EL3 exit to normal world
1771479046.931415 INFO:    Entry point address = 0x60000000
1771479046.931714 INFO:    SPSR = 0x3c9
1771479046.940251 Bloblist at 0 not found (err=-2)
1771479046.940892 alloc space exhausted ptr 400 limit 0
1771479046.943258 Bloblist at 0 not found (err=-2)
1771479047.122741 
1771479047.122783 
1771479047.122962 U-Boot 2026.01 (Feb 19 2026 - 05:30:01 +0000)
1771479047.122984 
1771479047.148395 DRAM:  8 GiB
1771479047.188850 using memory 0x23e620000-0x23f660000 for malloc()
1771479048.248072 Core:  51 devices, 14 uclasses, devicetree: board
1771479048.446493 Flash: 32 MiB
1771479048.501510 Loading Environment from Flash... *** Warning - bad CRC, using default environment
1771479048.501531 
1771479048.596117 In:    serial,usbkbd
1771479048.596274 Out:   serial,vidconsole
1771479048.596447 Err:   serial,vidconsole
1771479048.910691 No USB controllers found
1771479048.925056 Net:   eth0: virtio-net#32
1771479048.934209 [?25h
1771479049.990294 Hit any key to stop autoboot:  1 Hit any key to stop autoboot: 0[K
1771479049.992201 Scanning for bootflows in all bootdevs
1771479049.992519 Seq  Method       State   Uclass    Part  Name                      Filename
1771479049.992871 ---  -----------  ------  --------  ----  ------------------------  ----------------
1771479049.995935 Scanning global bootmeth 'efi_mgr':
1771479050.127257 7[r[999;999H[6n8Cannot persist EFI variables without system partition
1771479050.142289 Missing TPMv2 device for EFI_TCG_PROTOCOL
1771479050.143057 Missing RNG device for EFI_RNG_PROTOCOL
1771479050.152475   0  efi_mgr      ready   (none)       0  <NULL>                    
1771479050.152559 ** Booting bootflow '<NULL>' with efi_mgr
1771479050.171460 Loading Boot0000 'virtio 0' failed
1771479050.171872 EFI boot manager: Cannot load any image
1771479050.172203 Boot failed (err=-14)
1771479050.180946 Scanning bootdev 'fw-cfg@9020000.bootdev':
1771479050.197194 warning: no initrd available
1771479050.201163 loading kernel to address 40400000 size 275da00
1771479050.201876   1  qfw          ready   qfw          0  qfw                       
1771479050.202042 ** Booting bootflow 'qfw' with qfw
1771479050.219210 ## Flattened Device Tree blob at 23e61db60
1771479050.219476    Booting using the fdt blob at 0x23e61db60
1771479050.219901 Working FDT set to 23e61db60
1771479050.910663    Loading Ramdisk to fd8a2000, end fffffa00 ... OK
1771479050.929244    Loading Device Tree to 00000000fd89c000, end 00000000fd8a1251 ... OK
1771479050.929432 Working FDT set to fd89c000
1771479051.007146 
1771479051.007222 Starting kernel ...
1771479051.007229 
1771479057.680590 [    0.000000] Booting Linux on physical CPU 0x0000000000 [0x000f0510]
1771479057.684594 [    0.000000] Linux version 6.19.0-00001-gf50fdcb08603 (root@pc) (aarch64-linux-gnu-gcc (Debian 14.2.0-19) 14.2.0, GNU ld (GNU Binutils for Debian) 2.44) #1 SMP PREEMPT Wed Feb 18 21:06:58 UTC 2026
1771479057.685323 [    0.000000] KASLR disabled on command line
1771479057.685954 [    0.000000] random: crng init done
1771479057.686724 [    0.000000] Machine model: linux,dummy-virt
1771479057.687364 [    0.000000] efi: UEFI not found.
1771479057.688296 [    0.000000] OF: reserved mem: Reserved memory: No reserved-memory node in the DT
1771479057.689209 [    0.000000] NUMA: Faking a node at [mem 0x0000000040000000-0x000000023fffffff]
1771479057.689992 [    0.000000] NODE_DATA(0) allocated [mem 0x23eff6140-0x23eff87bf]
1771479057.690370 [    0.000000] Zone ranges:
1771479057.691174 [    0.000000]   DMA      [mem 0x0000000040000000-0x00000000ffffffff]
1771479057.691598 [    0.000000]   DMA32    empty
1771479057.692802 [    0.000000]   Normal   [mem 0x0000000100000000-0x000000023fffffff]
1771479057.693365 [    0.000000] Movable zone start for each node
1771479057.693848 [    0.000000] Early memory node ranges
1771479057.694670 [    0.000000]   node   0: [mem 0x0000000040000000-0x000000023fffffff]
1771479057.695627 [    0.000000] Initmem setup node 0 [mem 0x0000000040000000-0x000000023fffffff]
1771479057.696369 [    0.000000] cma: Reserved 32 MiB at 0x00000000fb800000
1771479057.697115 [    0.000000] psci: probing for conduit method from DT.
1771479057.697875 [    0.000000] psci: PSCIv1.1 detected in firmware.
1771479057.698456 [    0.000000] psci: Using standard PSCI v0.2 function IDs
1771479057.699112 [    0.000000] psci: MIGRATE_INFO_TYPE not supported.
1771479057.699734 [    0.000000] psci: SMC Calling Convention v1.5
1771479057.700534 [    0.000000] percpu: Embedded 24 pages/cpu s61400 r8192 d28712 u98304
1771479057.701278 [    0.000000] Detected PIPT I-cache on CPU0
1771479057.702297 [    0.000000] CPU features: detected: Address authentication (IMP DEF algorithm)
1771479057.705027 [    0.000000] CPU features: detected: GICv3 CPU interface
1771479057.705620 [    0.000000] CPU features: detected: HCRX_EL2 register
1771479057.706447 [    0.000000] CPU features: detected: Stage-1 Permission Indirection Extension (S1PIE)
1771479057.707289 [    0.000000] CPU features: detected: 52-bit Virtual Addressing (LPA2)
1771479057.708171 [    0.000000] CPU features: detected: Virtualization Host Extensions
1771479057.708952 [    0.000000] CPU features: detected: Memory Tagging Extension
1771479057.709832 [    0.000000] CPU features: detected: Asymmetric MTE Tag Check Fault
1771479057.710450 [    0.000000] CPU features: detected: Spectre-v4
1771479057.711124 [    0.000000] alternatives: applying boot alternatives
1771479057.712127 [    0.000000] Kernel command line: nokaslr root=/dev/vda rw init=/init -- /host/host.sh
1771479057.713121 [    0.000000] printk: log buffer data + meta data: 131072 + 458752 = 589824 bytes
1771479057.714443 [    0.000000] Dentry cache hash table entries: 1048576 (order: 11, 8388608 bytes, linear)
1771479057.715470 [    0.000000] Inode-cache hash table entries: 524288 (order: 10, 4194304 bytes, linear)
1771479057.716023 [    0.000000] software IO TLB: area num 1.
1771479057.717058 [    0.000000] software IO TLB: mapped [mem 0x00000000f7800000-0x00000000fb800000] (64MB)
1771479057.717623 [    0.000000] Fallback order for Node 0: 0 
1771479057.718527 [    0.000000] Built 1 zonelists, mobility grouping on.  Total pages: 2097152
1771479057.718988 [    0.000000] Policy zone: Normal
1771479057.719926 [    0.000000] mem auto-init: stack:all(zero), heap alloc:off, heap free:off
1771479057.720809 [    0.000000] SLUB: HWalign=64, Order=0-3, MinObjects=0, CPUs=1, Nodes=1
1771479057.721591 [    0.000000] rcu: Preemptible hierarchical RCU implementation.
1771479057.722224 [    0.000000] rcu: 	RCU event tracing is enabled.
1771479057.723119 [    0.000000] rcu: 	RCU restricting CPUs from NR_CPUS=512 to nr_cpu_ids=1.
1771479057.723841 [    0.000000] 	Trampoline variant of Tasks RCU enabled.
1771479057.724687 [    0.000000] 	Tracing variant of Tasks RCU enabled.
1771479057.725693 [    0.000000] rcu: RCU calculated value of scheduler-enlistment delay is 10 jiffies.
1771479057.726587 [    0.000000] rcu: Adjusting geometry for rcu_fanout_leaf=16, nr_cpu_ids=1
1771479057.727773 [    0.000000] RCU Tasks: Setting shift to 0 and lim to 1 rcu_task_cb_adjust=1 rcu_task_cpu_ids=1.
1771479057.728894 [    0.000000] RCU Tasks Trace: Setting shift to 0 and lim to 1 rcu_task_cb_adjust=1 rcu_task_cpu_ids=1.
1771479057.729606 [    0.000000] NR_IRQS: 64, nr_irqs: 64, preallocated irqs: 0
1771479057.730298 [    0.000000] GICv3: GIC: Using split EOI/Deactivate mode
1771479057.730848 [    0.000000] GICv3: 256 SPIs implemented
1771479057.731515 [    0.000000] GICv3: 0 Extended SPIs implemented
1771479057.732158 [    0.000000] Root IRQ handler: gic_handle_irq
1771479057.732793 [    0.000000] GICv3: GICv3 features: 16 PPIs
1771479057.733523 [    0.000000] GICv3: GICD_CTLR.DS=0, SCR_EL3.FIQ=1
1771479057.734593 [    0.000000] GICv3: CPU0: found redistributor 0 region 0:0x00000000080a0000
1771479057.735546 [    0.000000] ITS [mem 0x08080000-0x0809ffff]
1771479057.737021 [    0.000000] ITS@0x0000000008080000: allocated 8192 Devices @100040000 (indirect, esz 8, psz 64K, shr 1)
1771479057.738627 [    0.000000] ITS@0x0000000008080000: allocated 8192 Interrupt Collections @100050000 (flat, esz 8, psz 64K, shr 1)
1771479057.739642 [    0.000000] GICv3: using LPI property table @0x0000000100060000
1771479057.740823 [    0.000000] GICv3: CPU0: using allocated LPI pending table @0x0000000100070000
1771479057.741975 [    0.000000] rcu: srcu_init: Setting srcu_struct sizes based on contention.
1771479057.742995 [    0.000000] arch_timer: cp15 timer running at 1000.00MHz (phys).
1771479057.744901 [    0.000000] clocksource: arch_sys_counter: mask: 0x1fffffffffffffff max_cycles: 0x1cd42e4dffb, max_idle_ns: 881590591483 ns
1771479057.746527 [    0.000287] sched_clock: 61 bits at 1000MHz, resolution 1ns, wraps every 4398046511103ns
1771479057.747331 [    0.087990] Console: colour dummy device 80x25
1771479057.748176 [    0.098349] printk: legacy console [tty0] enabled
1771479057.749949 [    0.152047] Calibrating delay loop (skipped), value calculated using timer frequency.. 2000.00 BogoMIPS (lpj=10000000)
1771479057.750779 [    0.155373] pid_max: default: 32768 minimum: 301
1771479057.752079 [    0.190260] Mount-cache hash table entries: 16384 (order: 5, 131072 bytes, linear)
1771479057.753443 [    0.191773] Mountpoint-cache hash table entries: 16384 (order: 5, 131072 bytes, linear)
1771479057.754508 [    0.354593] cacheinfo: Unable to detect cache hierarchy for CPU 0
1771479057.755378 [    0.418206] rcu: Hierarchical SRCU implementation.
1771479057.767052 [    0.418765] rcu: 	Max phase no-delay instances is 1000.
1771479057.767875 [    0.444000] fsl-mc MSI: its@8080000 domain created
1771479057.768639 [    0.475965] EFI services will not be available.
1771479057.769408 [    0.481329] smp: Bringing up secondary CPUs ...
1771479057.770099 [    0.485325] smp: Brought up 1 node, 1 CPU
1771479057.770891 [    0.485882] SMP: Total of 1 processors activated.
1771479057.771611 [    0.486413] CPU: All CPU(s) started at EL2
1771479057.772609 [    0.487888] CPU features: detected: Branch Target Identification
1771479057.773490 [    0.493655] CPU features: detected: 32-bit EL0 Support
1771479057.774372 [    0.494157] CPU features: detected: 32-bit EL1 Support
1771479057.775447 [    0.494638] CPU features: detected: ARMv8.4 Translation Table Level
1771479057.776948 [    0.495234] CPU features: detected: Instruction cache invalidation not required for I/D coherence
1771479057.779188 [    0.495985] CPU features: detected: Data cache clean to the PoU not required for I/D coherence
1771479057.780298 [    0.496822] CPU features: detected: Common not Private translations
1771479057.781211 [    0.497349] CPU features: detected: CRC32 instructions
1771479057.782411 [    0.497826] CPU features: detected: Data independent timing control (DIT)
1771479057.783156 [    0.501547] CPU features: detected: E0PD
1771479057.784294 [    0.502007] CPU features: detected: Enhanced Counter Virtualization
1771479057.785563 [    0.502555] CPU features: detected: Enhanced Counter Virtualization (CNTPOFF)
1771479057.786706 [    0.503122] CPU features: detected: Enhanced Privileged Access Never
1771479057.787849 [    0.503669] CPU features: detected: Enhanced Virtualization Traps
1771479057.789214 [    0.504232] CPU features: detected: Fine Grained Traps
1771479057.790295 [    0.504841] CPU features: detected: Guarded Control Stack (GCS)
1771479057.791619 [    0.505664] CPU features: detected: Generic authentication (IMP DEF algorithm)
1771479057.792689 [    0.506598] CPU features: detected: RCpc load-acquire (LDAPR)
1771479057.793967 [    0.507302] CPU features: detected: 52-bit Virtual Addressing for KVM (LPA2)
1771479057.794994 [    0.507876] CPU features: detected: LSE atomic instructions
1771479057.796275 [    0.508380] CPU features: detected: Memory Copy and Memory Set instructions
1771479057.797318 [    0.510896] CPU features: detected: Privileged Access Never
1771479057.798128 [    0.511592] CPU features: detected: PMUv3
1771479057.799210 [    0.512036] CPU features: detected: SCTLR2
1771479057.800383 [    0.512462] CPU features: detected: RAS Extension Support
1771479057.801454 [    0.513259] CPU features: detected: RASv1p1 Extension Support
1771479057.802505 [    0.513772] CPU features: detected: Random Number Generator
1771479057.803569 [    0.514273] CPU features: detected: Speculation barrier (SB)
1771479057.804634 [    0.514776] CPU features: detected: Stage-2 Force Write-Back
1771479057.806005 [    0.515288] CPU features: detected: Trap EL0 IMPLEMENTATION DEFINED functionality
1771479057.807215 [    0.515904] CPU features: detected: TLB range maintenance instructions
1771479057.808179 [    0.516447] CPU features: detected: WFx with timeout
1771479057.808952 [    0.516917] CPU features: detected: XNX
1771479057.810297 [    0.517845] CPU features: detected: Scalable Matrix Extension
1771479057.811074 [    0.518380] CPU features: detected: FA64
1771479057.811860 [    0.518817] CPU features: detected: SME2
1771479057.813155 [    0.519450] CPU features: detected: Speculative Store Bypassing Safe (SSBS)
1771479057.814230 [    0.520043] CPU features: detected: Scalable Vector Extension
1771479057.815291 [    0.558832] alternatives: applying system-wide alternatives
1771479057.816322 [    0.655175] CPU features: detected: ICV_DIR_EL1 trapping
1771479057.817568 [    0.657319] CPU features: detected: Hardware dirty bit management on CPU0
1771479057.818749 [    0.660391] SVE: maximum available vector length 256 bytes per vector
1771479057.819790 [    0.661137] SVE: default vector length 64 bytes per vector
1771479057.821202 [    0.662860] SME: minimum available vector length 16 bytes per vector
1771479057.822372 [    0.664174] SME: maximum available vector length 256 bytes per vector
1771479057.823381 [    0.665050] SME: default vector length 32 bytes per vector
1771479057.825790 [    0.754842] Memory: 8044228K/8388608K available (18624K kernel code, 4918K rwdata, 13340K rodata, 3264K init, 688K bss, 308644K reserved, 32768K cma-reserved)
1771479057.826437 [    0.881025] devtmpfs: initialized
1771479057.828154 [    1.173688] clocksource: jiffies: mask: 0xffffffff max_cycles: 0xffffffff, max_idle_ns: 19112604462750000 ns
1771479057.829444 [    1.177598] posixtimers hash table entries: 512 (order: 1, 8192 bytes, linear)
1771479057.830978 [    1.179931] futex hash table entries: 256 (16384 bytes on 1 NUMA nodes, total 16 KiB, linear).
1771479057.832112 [    1.198460] 22496 pages in range for non-PLT usage
1771479057.832986 [    1.198889] 514016 pages in range for PLT usage
1771479057.833737 [    1.316943] DMI not present or invalid.
1771479057.834842 [    1.485651] NET: Registered PF_NETLINK/PF_ROUTE protocol family
1771479057.836168 [    1.557345] DMA: preallocated 1024 KiB GFP_KERNEL pool for atomic allocations
1771479057.837595 [    1.563979] DMA: preallocated 1024 KiB GFP_KERNEL|GFP_DMA pool for atomic allocations
1771479057.838616 [    1.566033] audit: initializing netlink subsys (disabled)
1771479057.840028 [    1.573812] audit: type=2000 audit(1.340:1): state=initialized audit_enabled=0 res=1
1771479057.841116 [    1.622480] thermal_sys: Registered thermal governor 'step_wise'
1771479057.842297 [    1.622765] thermal_sys: Registered thermal governor 'power_allocator'
1771479057.843290 [    1.625581] cpuidle: using governor menu
1771479057.844516 [    1.634249] hw-breakpoint: found 6 breakpoint and 4 watchpoint registers.
1771479057.845510 [    1.636098] ASID allocator initialised with 65536 entries
1771479057.846299 [    1.723595] Serial: AMBA PL011 UART driver
1771479057.847840 [    2.459814] 9000000.pl011: ttyAMA0 at MMIO 0x9000000 (irq = 15, base_baud = 0) is a PL011 rev1
1771479057.848686 [    2.471928] printk: console [ttyAMA0] enabled
1771479057.962349 [    2.758934] HugeTLB: registered 1.00 GiB page size, pre-allocated 0 pages
1771479057.965877 [    2.762554] HugeTLB: 0 KiB vmemmap can be freed for a 1.00 GiB page
1771479057.968365 [    2.764997] HugeTLB: registered 32.0 MiB page size, pre-allocated 0 pages
1771479057.970541 [    2.767211] HugeTLB: 0 KiB vmemmap can be freed for a 32.0 MiB page
1771479057.972914 [    2.769441] HugeTLB: registered 2.00 MiB page size, pre-allocated 0 pages
1771479057.975231 [    2.771797] HugeTLB: 0 KiB vmemmap can be freed for a 2.00 MiB page
1771479057.977969 [    2.774184] HugeTLB: registered 64.0 KiB page size, pre-allocated 0 pages
1771479057.980321 [    2.776873] HugeTLB: 0 KiB vmemmap can be freed for a 64.0 KiB page
1771479058.058450 [    2.855421] ACPI: Interpreter disabled.
1771479058.174570 [    2.971412] iommu: Default domain type: Translated
1771479058.177110 [    2.973722] iommu: DMA domain TLB invalidation policy: strict mode
1771479058.189001 [    2.986100] SCSI subsystem initialized
1771479058.208871 [    3.005625] usbcore: registered new interface driver usbfs
1771479058.212972 [    3.009729] usbcore: registered new interface driver hub
1771479058.216390 [    3.013158] usbcore: registered new device driver usb
1771479058.256793 [    3.053484] pps_core: LinuxPPS API ver. 1 registered
1771479058.259675 [    3.055695] pps_core: Software ver. 5.3.6 - Copyright 2005-2007 Rodolfo Giometti <giometti@linux.it>
1771479058.262268 [    3.059294] PTP clock support registered
1771479058.268516 [    3.065686] EDAC MC: Ver: 3.0.0
1771479058.283908 [    3.080827] scmi_core: SCMI protocol bus registered
1771479058.321205 [    3.118332] FPGA manager framework
1771479058.389084 [    3.186294] vgaarb: loaded
1771479058.405138 [    3.201809] clocksource: Switched to clocksource arch_sys_counter
1771479058.421910 [    3.218932] VFS: Disk quotas dquot_6.6.0
1771479058.425108 [    3.221620] VFS: Dquot-cache hash table entries: 512 (order 0, 4096 bytes)
1771479058.441612 [    3.238722] pnp: PnP ACPI: disabled
1771479058.653373 [    3.449966] NET: Registered PF_INET protocol family
1771479058.662400 [    3.458830] IP idents hash table entries: 131072 (order: 8, 1048576 bytes, linear)
1771479058.744823 [    3.540976] tcp_listen_portaddr_hash hash table entries: 4096 (order: 4, 65536 bytes, linear)
1771479058.749114 [    3.545413] Table-perturb hash table entries: 65536 (order: 6, 262144 bytes, linear)
1771479058.752309 [    3.548557] TCP established hash table entries: 65536 (order: 7, 524288 bytes, linear)
1771479058.774511 [    3.570817] TCP bind hash table entries: 65536 (order: 9, 2097152 bytes, linear)
1771479058.796904 [    3.593269] TCP: Hash tables configured (established 65536 bind 65536)
1771479058.806938 [    3.603253] UDP hash table entries: 4096 (order: 6, 262144 bytes, linear)
1771479058.814940 [    3.611160] UDP-Lite hash table entries: 4096 (order: 6, 262144 bytes, linear)
1771479058.828376 [    3.624996] NET: Registered PF_UNIX/PF_LOCAL protocol family
1771479058.847295 [    3.643353] RPC: Registered named UNIX socket transport module.
1771479058.849498 [    3.645844] RPC: Registered udp transport module.
1771479058.851662 [    3.647937] RPC: Registered tcp transport module.
1771479058.854868 [    3.650917] RPC: Registered tcp-with-tls transport module.
1771479058.857442 [    3.653316] RPC: Registered tcp NFSv4.1 backchannel transport module.
1771479058.859501 [    3.656321] PCI: CLS 0 bytes, default 64
1771479058.883254 [    3.679373] ARM FF-A: Driver version 1.2
1771479058.885441 [    3.682286] ARM FF-A: Firmware version 1.3 found
1771479058.894968 [    3.691369] ARM FF-A: Firmware version higher than driver version, downgrading
1771479058.927336 [    3.724341] Unpacking initramfs...
1771479058.930562 [    3.726837] Initramfs unpacking failed: invalid magic at start of compressed archive
1771479059.222581 [    4.019263] kvm [1]: nv: 568 coarse grained trap handlers
1771479059.278124 [    4.074857] kvm [1]: nv: 664 fine grained trap handlers
1771479059.317935 [    4.114982] kvm [1]: IPA Size Limit: 52 bits
1771479059.322476 [    4.119458] kvm [1]: GICv3: no GICV resource entry
1771479059.324991 [    4.122032] kvm [1]: disabling GICv2 emulation
1771479059.327358 [    4.124183] kvm [1]: GIC system register CPU interface enabled
1771479059.335086 [    4.132100] kvm [1]: vgic interrupt IRQ9
1771479059.339637 [    4.136485] kvm [1]: VHE mode initialized successfully
1771479059.424382 [    4.221250] Initialise system trusted keyrings
1771479059.436489 [    4.232817] workingset: timestamp_bits=42 max_order=21 bucket_order=0
1771479059.469306 [    4.266111] squashfs: version 4.0 (2009/01/31) Phillip Lougher
1771479059.504222 [    4.300959] NFS: Registering the id_resolver key type
1771479059.507635 [    4.304511] Key type id_resolver registered
1771479059.509422 [    4.306462] Key type id_legacy registered
1771479059.514124 [    4.310064] nfs4filelayout_init: NFSv4 File Layout Driver Registering...
1771479059.516802 [    4.313332] nfs4flexfilelayout_init: NFSv4 Flexfile Layout Driver Registering...
1771479059.528653 [    4.325636] Freeing initrd memory: 40308K
1771479059.530794 [    4.327607] 9p: Installing v9fs 9p2000 file system support
1771479060.018403 [    4.815394] Key type asymmetric registered
1771479060.020212 [    4.817276] Asymmetric key parser 'x509' registered
1771479060.024102 [    4.820765] Block layer SCSI generic (bsg) driver version 0.4 loaded (major 244)
1771479060.026399 [    4.823489] io scheduler mq-deadline registered
1771479060.028178 [    4.825363] io scheduler kyber registered
1771479060.031480 [    4.828649] io scheduler bfq registered
1771479060.484267 [    5.280870] ledtrig-cpu: registered to indicate activity on CPUs
1771479060.528706 [    5.324364] pci-host-generic 4010000000.pcie: host bridge /pcie@10000000 ranges:
1771479060.535346 [    5.331355] pci-host-generic 4010000000.pcie:       IO 0x003eff0000..0x003effffff -> 0x0000000000
1771479060.539932 [    5.336247] pci-host-generic 4010000000.pcie:      MEM 0x0010000000..0x003efeffff -> 0x0010000000
1771479060.542886 [    5.339110] pci-host-generic 4010000000.pcie:      MEM 0x8000000000..0xffffffffff -> 0x8000000000
1771479060.549594 [    5.345846] pci-host-generic 4010000000.pcie: Memory resource size exceeds max for 32 bits
1771479060.557823 [    5.352364] pci-host-generic 4010000000.pcie: ECAM at [mem 0x4010000000-0x401fffffff] for [bus 00-ff]
1771479060.569718 [    5.365968] pci-host-generic 4010000000.pcie: PCI host bridge to bus 0000:00
1771479060.573952 [    5.370501] pci_bus 0000:00: root bus resource [bus 00-ff]
1771479060.576988 [    5.373185] pci_bus 0000:00: root bus resource [io  0x0000-0xffff]
1771479060.579793 [    5.375964] pci_bus 0000:00: root bus resource [mem 0x10000000-0x3efeffff]
1771479060.582606 [    5.378789] pci_bus 0000:00: root bus resource [mem 0x8000000000-0xffffffffff]
1771479060.594523 [    5.390828] pci 0000:00:00.0: [1b36:0008] type 00 class 0x060000 conventional PCI endpoint
1771479060.622535 [    5.418759] pci 0000:00:01.0: [1af4:1000] type 00 class 0x020000 conventional PCI endpoint
1771479060.628505 [    5.425085] pci 0000:00:01.0: BAR 0 [io  0x1000-0x101f]
1771479060.630909 [    5.427522] pci 0000:00:01.0: BAR 1 [mem 0x10000000-0x10000fff]
1771479060.634143 [    5.429953] pci 0000:00:01.0: BAR 4 [mem 0x10004000-0x10007fff 64bit pref]
1771479060.636559 [    5.433117] pci 0000:00:01.0: ROM [mem 0x10040000-0x1007ffff pref]
1771479060.645623 [    5.441819] pci 0000:00:02.0: [1af4:1009] type 00 class 0x000200 conventional PCI endpoint
1771479060.649725 [    5.446400] pci 0000:00:02.0: BAR 0 [io  0x1020-0x103f]
1771479060.651912 [    5.448577] pci 0000:00:02.0: BAR 1 [mem 0x10080000-0x10080fff]
1771479060.654592 [    5.451096] pci 0000:00:02.0: BAR 4 [mem 0x10084000-0x10087fff 64bit pref]
1771479060.662592 [    5.458658] pci 0000:00:03.0: [1af4:1001] type 00 class 0x010000 conventional PCI endpoint
1771479060.666713 [    5.463366] pci 0000:00:03.0: BAR 0 [io  0x1080-0x10ff]
1771479060.668998 [    5.465594] pci 0000:00:03.0: BAR 1 [mem 0x10088000-0x10088fff]
1771479060.671472 [    5.467895] pci 0000:00:03.0: BAR 4 [mem 0x1008c000-0x1008ffff 64bit pref]
1771479060.709354 [    5.505790] pci 0000:00:01.0: ROM [mem 0x10000000-0x1003ffff pref]: assigned
1771479060.713202 [    5.509480] pci 0000:00:01.0: BAR 4 [mem 0x8000000000-0x8000003fff 64bit pref]: assigned
1771479060.717981 [    5.514220] pci 0000:00:02.0: BAR 4 [mem 0x8000004000-0x8000007fff 64bit pref]: assigned
1771479060.722138 [    5.518333] pci 0000:00:03.0: BAR 4 [mem 0x8000008000-0x800000bfff 64bit pref]: assigned
1771479060.726501 [    5.522953] pci 0000:00:01.0: BAR 1 [mem 0x10040000-0x10040fff]: assigned
1771479060.730115 [    5.526554] pci 0000:00:02.0: BAR 1 [mem 0x10041000-0x10041fff]: assigned
1771479060.733343 [    5.529539] pci 0000:00:03.0: BAR 1 [mem 0x10042000-0x10042fff]: assigned
1771479060.736182 [    5.532755] pci 0000:00:03.0: BAR 0 [io  0x1000-0x107f]: assigned
1771479060.739133 [    5.535719] pci 0000:00:01.0: BAR 0 [io  0x1080-0x109f]: assigned
1771479060.742188 [    5.538736] pci 0000:00:02.0: BAR 0 [io  0x10a0-0x10bf]: assigned
1771479060.746651 [    5.543283] pci_bus 0000:00: resource 4 [io  0x0000-0xffff]
1771479060.748967 [    5.545573] pci_bus 0000:00: resource 5 [mem 0x10000000-0x3efeffff]
1771479060.751244 [    5.547807] pci_bus 0000:00: resource 6 [mem 0x8000000000-0xffffffffff]
1771479061.910867 [    6.707595] Serial: 8250/16550 driver, 4 ports, IRQ sharing enabled
1771479062.028170 [    6.825045] msm_serial: driver initialized
1771479062.044837 [    6.841784] SuperH (H)SCI(F) driver initialized
1771479062.055517 [    6.852539] STM32 USART driver initialized
1771479062.154943 [    6.951387] arm-smmu-v3 9050000.smmuv3: ias 44-bit, oas 44-bit (features 0x01088705)
1771479062.194705 [    6.991333] arm-smmu-v3 9050000.smmuv3: allocated 65536 entries for cmdq
1771479062.201893 [    6.998421] arm-smmu-v3 9050000.smmuv3: allocated 32768 entries for evtq
1771479062.250475 [    7.047450] pci 0000:00:00.0: Adding to iommu group 0
1771479062.254285 [    7.051204] pci 0000:00:01.0: Adding to iommu group 1
1771479062.257835 [    7.054657] pci 0000:00:02.0: Adding to iommu group 2
1771479062.261425 [    7.058210] pci 0000:00:03.0: Adding to iommu group 3
1771479062.478152 [    7.275221] loop: module loaded
1771479062.516087 [    7.313157] megasas: 07.734.00.00-rc1
1771479062.596161 [    7.392286] physmap-flash 4000000.flash: physmap platform flash device: [mem 0x04000000-0x07ffffff]
1771479062.605727 [    7.401733] 4000000.flash: Found 2 x16 devices at 0x0 in 32-bit bank. Manufacturer ID 0x000000 Chip ID 0x000000
1771479062.609709 [    7.406445] Intel/Sharp Extended Query Table at 0x0031
1771479062.613872 [    7.410960] Using buffer write method
1771479062.926962 [    7.723781] tun: Universal TUN/TAP device driver, 1.6
1771479062.969407 [    7.766464] thunder_xcv, ver 1.0
1771479062.972864 [    7.769733] thunder_bgx, ver 1.0
1771479062.975932 [    7.773135] nicpf, ver 1.0
1771479063.031247 [    7.828097] e1000: Intel(R) PRO/1000 Network Driver
1771479063.033640 [    7.830404] e1000: Copyright (c) 1999-2006 Intel Corporation.
1771479063.037195 [    7.834101] e1000e: Intel(R) PRO/1000 Network Driver
1771479063.039201 [    7.835997] e1000e: Copyright(c) 1999 - 2015 Intel Corporation.
1771479063.043140 [    7.839736] igb: Intel(R) Gigabit Ethernet Network Driver
1771479063.045218 [    7.841985] igb: Copyright (c) 2007-2014 Intel Corporation.
1771479063.049017 [    7.845652] igbvf: Intel(R) Gigabit Virtual Function Network Driver
1771479063.051190 [    7.847892] igbvf: Copyright (c) 2009 - 2012 Intel Corporation.
1771479063.065544 [    7.862676] sky2: driver version 1.30
1771479063.118544 [    7.915362] VFIO - User Level meta-driver version: 0.3
1771479063.272258 [    8.068514] usbcore: registered new interface driver usb-storage
1771479063.401441 [    8.198039] rtc-pl031 9010000.pl031: registered as rtc0
1771479063.409704 [    8.203920] rtc-pl031 9010000.pl031: setting system clock to 2026-02-19T05:31:03 UTC (1771479063)
1771479063.437114 [    8.234154] i2c_dev: i2c /dev entries driver
1771479063.716430 [    8.513019] sdhci: Secure Digital Host Controller Interface driver
1771479063.718342 [    8.515328] sdhci: Copyright(c) Pierre Ossman
1771479063.753564 [    8.550035] Synopsys Designware Multimedia Card Interface Driver
1771479063.795472 [    8.592253] sdhci-pltfm: SDHCI platform and OF driver helper
1771479063.916264 [    8.712886] SMCCC: SOC_ID: ARCH_SOC_ID not implemented, skipping ....
1771479063.966141 [    8.763006] usbcore: registered new interface driver usbhid
1771479063.967779 [    8.764971] usbhid: USB HID core driver
1771479064.104931 [    8.901133] hw perfevents: enabled with armv8_pmuv3 PMU driver, 7 (0,8000003f) counters available
1771479064.199573 D/TC:0   atomic_console_notif:158 Asynchronous notifications started, event 0 (vm 0)
1771479064.231550 D/TC:0 0 mobj_ffa_get_by_cookie:684 Populating mobj from rx buffer, cookie 0
1771479064.256164 D/TC:0 0 core_mmu_xlat_table_alloc:699 xlat tables used 7
1771479064.275228 D/TC:? 0 tee_ta_init_pseudo_ta_session:303 Lookup pseudo TA 7011a688-ddde-4053-a5a9-7b3c4ddf13b8
1771479064.276625 D/TC:? 0 tee_ta_init_pseudo_ta_session:315 Open device.pta
1771479064.279062 D/TC:? 0 tee_ta_init_pseudo_ta_session:330 device.pta : 7011a688-ddde-4053-a5a9-7b3c4ddf13b8
1771479064.299423 D/TC:0 0 mobj_ffa_get_by_cookie:680 cookie 0 resurrecting
1771479064.320591 D/TC:0 0 mobj_ffa_get_by_cookie:680 cookie 0 resurrecting
1771479064.323283 D/TC:0 0 mobj_ffa_get_by_cookie:684 Populating mobj from rx buffer, cookie 0x1
1771479064.373732 D/TC:0 0 mobj_ffa_get_by_cookie:680 cookie 0 resurrecting
1771479064.378742 D/TC:? 0 tee_ta_close_session:469 csess 0x70000000e402680 id 1
1771479064.380540 D/TC:? 0 tee_ta_close_session:488 Destroy session
1771479064.389032 [    8.981118] optee: revision 4.9 (c2b0684f)
1771479064.389675 [    9.186040] optee: initialized driver
1771479064.482420 [    9.279294] NET: Registered PF_PACKET protocol family
1771479064.491509 [    9.288591] 9pnet: Installing 9P2000 support
1771479064.494889 [    9.291942] Key type dns_resolver registered
1771479064.998625 [    9.795718] registered taskstats version 1
1771479065.006811 [    9.803883] Loading compiled-in X.509 certificates
1771479065.364175 [   10.161285] Demotion targets for Node 0: null
1771479065.501738 [   10.298408] virtio_blk virtio2: 1/0/0 default/read/poll queues
1771479065.519580 [   10.316048] virtio_blk virtio2: [vda] 20971520 512-byte logical blocks (10.7 GB/10.0 GiB)
1771479065.599764 [   10.396933] clk: Disabling unused clocks
1771479065.602491 [   10.399439] PM: genpd: Disabling unused power domains
1771479065.638360 [   10.435288] check access for rdinit=/init failed: -2, ignoring
1771479066.482769 [   11.278440] EXT4-fs (vda): mounted filesystem 83fe719c-741e-46e4-8122-6b37c6f1051a r/w with ordered data mode. Quota mode: none.
1771479066.486361 [   11.283082] VFS: Mounted root (ext4 filesystem) on device 254:0.
1771479066.496041 [   11.293489] devtmpfs: mounted
1771479066.826766 [   11.623512] Freeing unused kernel memory: 3264K
1771479066.834619 [   11.631708] Run /init as init process
1771479067.806241 + export PATH=/usr/bin:/bin:/sbin
1771479067.806317 + PATH=/usr/bin:/bin:/sbin
1771479067.806567 + mount -t proc none /proc
1771479068.275885 + mount -t sysfs none /sys
1771479068.455909 + mkdir /dev/pts
1771479068.566448 + mount devpts /dev/pts -t devpts
1771479068.721041 + ln -s /proc/self/fd /dev/fd
1771479068.814547 + ln -s /proc/self/fd/0 /dev/stdin
1771479068.890391 + ln -s /proc/self/fd/1 /dev/stdout
1771479068.959805 + ln -s /proc/self/fd/2 /dev/stderr
1771479069.029700 + hostname -F /hostname
1771479069.115950 + mount -t 9p -o trans=virtio host /host
1771479069.351836 + ifconfig -a
1771479069.360242 + grep -q eth0
1771479069.625430 + ifconfig eth0 up
1771479069.725381 + ifconfig eth0 10.0.2.15 netmask 255.255.255.0 broadcast 10.0.2.255
1771479069.825540 + route add default gw 10.0.2.2
1771479069.949939 + '[' 1 -ge 1 ']'
1771479069.956456 + /host/host.sh
1771479070.208825 + dmesg
1771479070.236858 + grep -i optee
1771479070.706390 [    8.981118] optee: revision 4.9 (c2b0684f)
1771479070.707612 [    9.186040] optee: initialized driver
1771479070.739256 + ls /dev/tee0 /dev/teepriv0
1771479070.850849 /dev/tee0  /dev/teepriv0
1771479070.868919 + rm -rf /lib/optee_armtz
1771479070.945599 + mkdir -p /lib/optee_armtz
1771479071.059068 + cp -r /host/out/optee_app/8aaaf200-2450-11e4-abe2-0002a5d5c51b.ta /lib/optee_armtz
1771479071.315774 + /host/out/tee-supplicant --daemonize
1771479071.430116 D/TC:0 0 mobj_ffa_get_by_cookie:680 cookie 0 resurrecting
1771479071.433506 D/TC:? 0 tee_ta_init_session_with_context:569 Re-open trusted service 7011a688-ddde-4053-a5a9-7b3c4ddf13b8
1771479071.456466 D/TC:0 0 mobj_ffa_get_by_cookie:680 cookie 0 resurrecting
1771479071.462760 D/TC:0 0 mobj_ffa_get_by_cookie:680 cookie 0 resurrecting
1771479071.471838 + /host/out/optee_app/optee_example_hello_world
1771479071.475107 D/TC:? 0 tee_ta_close_session:469 csess 0xe0000000e402530 id 1
1771479071.476598 D/TC:? 0 tee_ta_close_session:488 Destroy session
1771479071.551497 D/TC:0 0 mobj_ffa_get_by_cookie:680 cookie 0 resurrecting
1771479071.556650 D/TC:? 0 tee_ta_init_pseudo_ta_session:303 Lookup pseudo TA 8aaaf200-2450-11e4-abe2-0002a5d5c51b
1771479071.617344 D/TC:? 0 ldelf_load_ldelf:110 ldelf load address 0x40008000
1771479071.643420 D/LD:  ldelf:151 Loading TS 8aaaf200-2450-11e4-abe2-0002a5d5c51b
1771479071.700367 D/TC:? 0 ldelf_syscall_open_bin:163 Lookup user TA ELF 8aaaf200-2450-11e4-abe2-0002a5d5c51b (Secure Storage TA)
1771479071.706049 I/TC: WARNING (insecure configuration): Failed to get monotonic counter for REE FS, using 0
1771479071.746211 D/TC:0 0 mobj_ffa_get_by_cookie:684 Populating mobj from rx buffer, cookie 0x1
1771479072.229841 I/TC: WARNING (insecure configuration): Failed to commit dirh counter 2
1771479072.245821 D/TC:? 0 ldelf_syscall_open_bin:167 res=0xffff0008
1771479072.248175 D/TC:? 0 ldelf_syscall_open_bin:163 Lookup user TA ELF 8aaaf200-2450-11e4-abe2-0002a5d5c51b (REE)
1771479072.281169 D/TC:0 0 mobj_ffa_get_by_cookie:684 Populating mobj from rx buffer, cookie 0x2
1771479073.031663 D/TC:? 0 ldelf_syscall_open_bin:167 res=0
1771479074.491240 D/TC:? 0 thread_rpc_free:2241 freeing cookie 0x2
1771479074.561912 D/LD:  ldelf:185 ELF (8aaaf200-2450-11e4-abe2-0002a5d5c51b) at 0x40081000
1771479074.638386 D/TA:  TA_CreateEntryPoint:18 has been called
1771479074.645416 D/TA:  __GP11_TA_OpenSessionEntryPoint:47 has been called
1771479074.648278 I/TA: Hello World!
1771479074.658521 D/TC:? 0 thread_rpc_free:2241 freeing cookie 0x1
1771479074.693757 Invoking TA to increment 42
1771479074.698664 D/TC:0 0 mobj_ffa_get_by_cookie:680 cookie 0 resurrecting
1771479074.708654 D/TA:  inc_value:78 has been called
1771479074.710978 I/TA: Got value: 42 from NW
1771479074.714804 I/TA: Increase value to: 43
1771479074.723560 TA incremented value to 43
1771479074.726233 D/TC:0 0 mobj_ffa_get_by_cookie:680 cookie 0 resurrecting
1771479074.728989 D/TC:? 0 tee_ta_close_session:469 csess 0x60000000e402530 id 1
1771479074.730725 D/TC:? 0 tee_ta_close_session:488 Destroy session
1771479074.736332 I/TA: Goodbye!
1771479074.739555 D/TA:  TA_DestroyEntryPoint:29 has been called
1771479074.747748 D/TC:? 0 destroy_context:326 Destroy TA ctx (0xc0000000e4024d0)
1771479074.809071 + sync
1771479074.957351 + sleep 0.1
1771479075.144518 + echo o
1771479075.154992 [   19.952095] sysrq: Power Off
1771479075.169894 [   19.966376] Flash device refused suspend due to active operation (state 20)
1771479075.174035 + sleep 10
1771479075.197689 [   19.991419] kvm: exiting hardware virtualization
1771479075.203863 [   20.000928] reboot: Power down
1771479075.207785 INFO:    PSCI Power Domain Map:
1771479075.208361 INFO:      Domain Node : Level 1, parent_node 4294967295, State ON (0x0)
1771479075.208741 INFO:      Domain Node : Level 1, parent_node 4294967295, State OFF (0x2)
1771479075.209301 INFO:      CPU Node : MPID 0x0, parent_node 0, State ON (0x0)
1771479075.209699 INFO:      CPU Node : MPID 0xffffffffffffffff, parent_node 0, State OFF (0x2)
1771479075.210034 INFO:      CPU Node : MPID 0xffffffffffffffff, parent_node 0, State OFF (0x2)
1771479075.210364 INFO:      CPU Node : MPID 0xffffffffffffffff, parent_node 0, State OFF (0x2)
1771479075.210702 INFO:      CPU Node : MPID 0xffffffffffffffff, parent_node 0, State OFF (0x2)
1771479075.211034 INFO:      CPU Node : MPID 0xffffffffffffffff, parent_node 0, State OFF (0x2)
1771479075.211378 INFO:      CPU Node : MPID 0xffffffffffffffff, parent_node 0, State OFF (0x2)
1771479075.211716 INFO:      CPU Node : MPID 0xffffffffffffffff, parent_node 0, State OFF (0x2)
1771479075.212079 INFO:      CPU Node : MPID 0xffffffffffffffff, parent_node 0, State OFF (0x2)
1771479075.212426 INFO:      CPU Node : MPID 0xffffffffffffffff, parent_node 0, State OFF (0x2)
1771479075.212769 INFO:      CPU Node : MPID 0xffffffffffffffff, parent_node 0, State OFF (0x2)
1771479075.213114 INFO:      CPU Node : MPID 0xffffffffffffffff, parent_node 0, State OFF (0x2)
1771479075.213464 INFO:      CPU Node : MPID 0xffffffffffffffff, parent_node 0, State OFF (0x2)
1771479075.213811 INFO:      CPU Node : MPID 0xffffffffffffffff, parent_node 0, State OFF (0x2)
1771479075.214162 INFO:      CPU Node : MPID 0xffffffffffffffff, parent_node 0, State OFF (0x2)
1771479075.214521 INFO:      CPU Node : MPID 0xffffffffffffffff, parent_node 0, State OFF (0x2)
1771479075.214882 INFO:      CPU Node : MPID 0xffffffffffffffff, parent_node 1, State OFF (0x2)
1771479075.215249 INFO:      CPU Node : MPID 0xffffffffffffffff, parent_node 1, State OFF (0x2)
1771479075.215625 INFO:      CPU Node : MPID 0xffffffffffffffff, parent_node 1, State OFF (0x2)
1771479075.216006 INFO:      CPU Node : MPID 0xffffffffffffffff, parent_node 1, State OFF (0x2)
1771479075.216375 INFO:      CPU Node : MPID 0xffffffffffffffff, parent_node 1, State OFF (0x2)
1771479075.216753 INFO:      CPU Node : MPID 0xffffffffffffffff, parent_node 1, State OFF (0x2)
1771479075.217139 INFO:      CPU Node : MPID 0xffffffffffffffff, parent_node 1, State OFF (0x2)
1771479075.217536 INFO:      CPU Node : MPID 0xffffffffffffffff, parent_node 1, State OFF (0x2)
1771479075.217924 INFO:      CPU Node : MPID 0xffffffffffffffff, parent_node 1, State OFF (0x2)
1771479075.218843 INFO:      CPU Node : MPID 0xffffffffffffffff, parent_node 1, State OFF (0x2)
1771479075.219239 INFO:      CPU Node : MPID 0xffffffffffffffff, parent_node 1, State OFF (0x2)
1771479075.219647 INFO:      CPU Node : MPID 0xffffffffffffffff, parent_node 1, State OFF (0x2)
1771479075.220050 INFO:      CPU Node : MPID 0xffffffffffffffff, parent_node 1, State OFF (0x2)
1771479075.220448 INFO:      CPU Node : MPID 0xffffffffffffffff, parent_node 1, State OFF (0x2)
1771479075.220853 INFO:      CPU Node : MPID 0xffffffffffffffff, parent_node 1, State OFF (0x2)
1771479075.221258 INFO:      CPU Node : MPID 0xffffffffffffffff, parent_node 1, State OFF (0x2)
1771479075.221998 ERROR:   QEMU System Power off: with GPIO.
</pre>
</body>
</body>
